 HCNetSDK

 Timestamp is 4dcbd3da (Thu May 12 20:34:34 2011)

 Preferred load address is 10000000

 Start         Length     Name                   Class
 0001:00000000 000987f5H .text                   CODE
 0001:00098800 00000642H .text$x                 CODE
 0002:00000000 000002e4H .idata$5                DATA
 0002:000002e8 00002e9cH .rdata                  DATA
 0002:00003188 00002104H .rdata$r                DATA
 0002:00005290 00000e18H .xdata$x                DATA
 0002:000060a8 00000050H .idata$2                DATA
 0002:000060f8 00000014H .idata$3                DATA
 0002:0000610c 000002e4H .idata$4                DATA
 0002:000063f0 00000d02H .idata$6                DATA
 0002:00007100 00004385H .edata                  DATA
 0003:00000000 00000004H .CRT$XCA                DATA
 0003:00000004 00000290H .CRT$XCU                DATA
 0003:00000294 00000004H .CRT$XCZ                DATA
 0003:00000298 00000004H .CRT$XIA                DATA
 0003:0000029c 00000010H .CRT$XIC                DATA
 0003:000002ac 00000004H .CRT$XIY                DATA
 0003:000002b0 00000004H .CRT$XIZ                DATA
 0003:000002b4 00000004H .CRT$XPA                DATA
 0003:000002b8 00000004H .CRT$XPX                DATA
 0003:000002bc 00000004H .CRT$XPZ                DATA
 0003:000002c0 00000004H .CRT$XTA                DATA
 0003:000002c4 00000004H .CRT$XTB                DATA
 0003:000002c8 00000004H .CRT$XTZ                DATA
 0003:000002d0 00016288H .data                   DATA
 0003:00016558 00431114H .bss                    DATA
 0004:00000000 00000058H .rsrc$01                DATA
 0004:00000060 00000328H .rsrc$02                DATA

  Address         Publics by Value              Rva+Base     Lib:Object

 0001:00000000       ??4HPR_Mutex@@QAEAAV0@ABV0@@Z 10001000 f i G711CodecInterface.obj
 0001:00000020       ?EncodeG711Frames@@YAHIIPAE0@Z 10001020 f   G711CodecInterface.obj
 0001:00000060       ?DecodeG711Frames@@YAHIPAE0@Z 10001060 f   G711CodecInterface.obj
 0001:000000d0       ?id@?$ctype@G@std@@$E      100010d0 f i G711CodecInterface.obj
 0001:000000e0       ?InitG722Decoder@@YAPAXH@Z 100010e0 f   G722CodecInterface.obj
 0001:000001a0       ?ReleaseG722Decoder@@YAXPAX@Z 100011a0 f   G722CodecInterface.obj
 0001:000001d0       ?DecodeG722Frame@@YAHPAXPAE1@Z 100011d0 f   G722CodecInterface.obj
 0001:00000230       ?InitG722Encoder@@YAPAXXZ  10001230 f   G722CodecInterface.obj
 0001:000002f0       ?EncodeG722Frame@@YAHPAXPAE1@Z 100012f0 f   G722CodecInterface.obj
 0001:00000350       ?ReleaseG722Encoder@@YAXPAX@Z 10001350 f   G722CodecInterface.obj
 0001:000003b0       ??0HPR_Guard@@QAE@PAVHPR_Mutex@@@Z 100013b0 f i StreamConvertStdToHik.obj
 0001:000003d0       ??1HPR_Guard@@QAE@XZ       100013d0 f i StreamConvertStdToHik.obj
 0001:000003f0       ?Release@HPR_Guard@@QAEXXZ 100013f0 f i StreamConvertStdToHik.obj
 0001:00000410       ??4HPR_Guard@@QAEAAV0@ABV0@@Z 10001410 f i StreamConvertStdToHik.obj
 0001:00000420       ?GetConvertAPI@@YAPAUCONVERTAPI@@XZ 10001420 f   StreamConvertStdToHik.obj
 0001:00000430       ?GetConvertMutex@@YAPAVHPR_Mutex@@XZ 10001430 f   StreamConvertStdToHik.obj
 0001:00000480       ?OutputDataCB@CStreamConvert@@KGXPBUOUTPUTDATA_INFO@@I@Z 10001480 f   StreamConvertStdToHik.obj
 0001:00000670       ??0CStreamConvert@@QAE@XZ  10001670 f   StreamConvertStdToHik.obj
 0001:00000690       ??1CStreamConvert@@QAE@XZ  10001690 f   StreamConvertStdToHik.obj
 0001:000006a0       ?LoadConvertLib@CStreamConvert@@SA_NXZ 100016a0 f   StreamConvertStdToHik.obj
 0001:00000870       ?UnloadConvertLib@CStreamConvert@@SA_NXZ 10001870 f   StreamConvertStdToHik.obj
 0001:00000960       ?Release@CStreamConvert@@IAEHXZ 10001960 f   StreamConvertStdToHik.obj
 0001:00000a00       ?Stop@CStreamConvert@@QAEHXZ 10001a00 f   StreamConvertStdToHik.obj
 0001:00000ab0       ?CreateHead@CStreamConvert@@QAEHPBDPADIH@Z 10001ab0 f   StreamConvertStdToHik.obj
 0001:00000cd0       ?InputData@CStreamConvert@@QAEHPAXH@Z 10001cd0 f   StreamConvertStdToHik.obj
 0001:00000d60       ?SetDataCallBack@CStreamConvert@@QAEHP6GXPBUOUTPUTDATA_INFO@@PAX@Z1@Z 10001d60 f   StreamConvertStdToHik.obj
 0001:00000d80       ?insert@?$vector@PAVCStreamConvert@@V?$allocator@PAVCStreamConvert@@@std@@@std@@QAEXPAPAVCStreamConvert@@IABQAV3@@Z 10001d80 f i StreamConvertStdToHik.obj
 0001:00000fc0       ?encode_base64@@YAPADIPBE@Z 10001fc0 f   Base64.obj
 0001:000010f0       ?decode_base64@@YAHPAEPBD@Z 100020f0 f   Base64.obj
 0001:00001300       ?ForceCloseFunc@@YAPAU_FORCE_FUNC@@XZ 10002300 f   ForceCloseProxy.obj
 0001:00001310       ?RigisterUIDCloseFunc@ICloseLinkProxy@@SAXW4UIDLINKTYPE@@P6AHH@Z@Z 10002310 f   ForceCloseProxy.obj
 0001:00001330       ?RigisterNIDCloseFunc@ICloseLinkProxy@@SAXW4NIDLINKTYPE@@P6AHXZ@Z 10002330 f   ForceCloseProxy.obj
 0001:00001350       ?CallRigisteredFuncCloseUIDLink@ICloseLinkProxy@@SAHH@Z 10002350 f   ForceCloseProxy.obj
 0001:00001390       ?CallRigisteredFuncCloseNIDLink@ICloseLinkProxy@@SAHXZ 10002390 f   ForceCloseProxy.obj
 0001:000013b0       ?RigisterAllUIDCloseFunc@ICloseLinkProxy@@SAXP6AHXZ@Z 100023b0 f   ForceCloseProxy.obj
 0001:000013c0       ?CallCloseAllLinkFunc@ICloseLinkProxy@@SAHXZ 100023c0 f   ForceCloseProxy.obj
 0001:000013e0       ?IncreaseLongLinkNumByUIDType@ICloseLinkProxy@@SAXW4UIDLINKTYPE@@@Z 100023e0 f   ForceCloseProxy.obj
 0001:00001400       ?DecreaseLongLinkNumByUIDType@ICloseLinkProxy@@SAXW4UIDLINKTYPE@@@Z 10002400 f   ForceCloseProxy.obj
 0001:00001420       ?IncreaseLongLinkNumByNIDType@ICloseLinkProxy@@SAXW4NIDLINKTYPE@@@Z 10002420 f   ForceCloseProxy.obj
 0001:00001440       ?DecreaseLongLinkNumByNIDType@ICloseLinkProxy@@SAXW4NIDLINKTYPE@@@Z 10002440 f   ForceCloseProxy.obj
 0001:00001460       ?RetrieveLongLinkNumByUIDType@ICloseLinkProxy@@SAIW4UIDLINKTYPE@@@Z 10002460 f   ForceCloseProxy.obj
 0001:00001470       ?RetrieveLongLinkNumByNIDType@ICloseLinkProxy@@SAIW4NIDLINKTYPE@@@Z 10002470 f   ForceCloseProxy.obj
 0001:000014d0       ??0GlobalCtrlInstance@@QAE@XZ 100024d0 f i GlobalCtrl.obj
 0001:00001640       ??1GlobalCtrl@@UAE@XZ      10002640 f i GlobalCtrl.obj
 0001:00001650       ??_EGlobalCtrl@@UAEPAXI@Z  10002650 f i GlobalCtrl.obj
 0001:00001650       ??_GGlobalCtrl@@UAEPAXI@Z  10002650 f i GlobalCtrl.obj
 0001:00001670       ?InitSDK@GlobalCtrlInstance@@UAEHXZ 10002670 f i GlobalCtrl.obj
 0001:000017d0       ?FiniSDK@GlobalCtrlInstance@@UAEHXZ 100027d0 f i GlobalCtrl.obj
 0001:000018b0       ?SetLastError@GlobalCtrlInstance@@UAEHI@Z 100028b0 f i GlobalCtrl.obj
 0001:000018c0       ?GetLastError@GlobalCtrlInstance@@UAEHPAI@Z 100028c0 f i GlobalCtrl.obj
 0001:000018e0       ?GetLastErrorMsg@GlobalCtrlInstance@@UAEPBDPAI@Z 100028e0 f i GlobalCtrl.obj
 0001:000019b0       ?GetStreamSecretKey@GlobalCtrlInstance@@UAEPACXZ 100029b0 f i GlobalCtrl.obj
 0001:000019c0       ?GetLocalIPAddress@GlobalCtrlInstance@@UAEHPAI@Z 100029c0 f i GlobalCtrl.obj
 0001:00001a00       ?GetLocalIPv4String@GlobalCtrlInstance@@UAEHQAD@Z 10002a00 f i GlobalCtrl.obj
 0001:00001a50       ?GetLocalIPv6Address@GlobalCtrlInstance@@UAEHQAE@Z 10002a50 f i GlobalCtrl.obj
 0001:00001aa0       ?GetLocalMAC@GlobalCtrlInstance@@UAEHXZ 10002aa0 f i GlobalCtrl.obj
 0001:00001ab0       ?GetLocalMACAddress@GlobalCtrlInstance@@UAEHPAE@Z 10002ab0 f i GlobalCtrl.obj
 0001:00001b00       ?IsBindEnabled@GlobalCtrlInstance@@UAEHXZ 10002b00 f i GlobalCtrl.obj
 0001:00001b10       ?GetAllIPv4Address@GlobalCtrlInstance@@UAEHQAY0BA@DPAIPAH@Z 10002b10 f i GlobalCtrl.obj
 0001:00001ba0       ?SetDefaultIPv4Index@GlobalCtrlInstance@@UAEHIH@Z 10002ba0 f i GlobalCtrl.obj
 0001:00001be0       ?GetAllIPv6Address@GlobalCtrlInstance@@UAEHQAY0BA@EPAIPAH@Z 10002be0 f i GlobalCtrl.obj
 0001:00001c60       ?SetDefaultIPv6Index@GlobalCtrlInstance@@UAEHIH@Z 10002c60 f i GlobalCtrl.obj
 0001:00001ca0       ?CheckInitState@GlobalCtrlInstance@@UAEHXZ 10002ca0 f i GlobalCtrl.obj
 0001:00001cc0       ?SetReconnectPara@GlobalCtrlInstance@@UAEHHI@Z 10002cc0 f i GlobalCtrl.obj
 0001:00001ce0       ?GetReconnectPara@GlobalCtrlInstance@@UAEHPAHPAI@Z 10002ce0 f i GlobalCtrl.obj
 0001:00001d10       ?GetHeartbeatPara@GlobalCtrlInstance@@UAEHPAGPAE@Z 10002d10 f i GlobalCtrl.obj
 0001:00001d40       ?SetHeartbeatPara@GlobalCtrlInstance@@UAEHABGABE@Z 10002d40 f i GlobalCtrl.obj
 0001:00001d60       ?SetConnectTimeOut@GlobalCtrlInstance@@UAEHII@Z 10002d60 f i GlobalCtrl.obj
 0001:00001dc0       ?GetConnectTimeOut@GlobalCtrlInstance@@UAEHPAI0@Z 10002dc0 f i GlobalCtrl.obj
 0001:00001df0       ?SetDefaultRecvTimeOut@GlobalCtrlInstance@@UAEHI@Z 10002df0 f i GlobalCtrl.obj
 0001:00001e10       ?GetDefaultRecvTimeOut@GlobalCtrlInstance@@UAEIXZ 10002e10 f i GlobalCtrl.obj
 0001:00001e20       ?SetCaptureMode@GlobalCtrlInstance@@UAEHW4CAPTURE_MODE@@@Z 10002e20 f i GlobalCtrl.obj
 0001:00001e30       ?GetCaptureMode@GlobalCtrlInstance@@UAEHPAW4CAPTURE_MODE@@@Z 10002e30 f i GlobalCtrl.obj
 0001:00001e50       ?SetNetworkEnvironment@GlobalCtrlInstance@@UAEHW4_SDK_NET_ENV@@@Z 10002e50 f i GlobalCtrl.obj
 0001:00001e60       ?GetNetworkEnvironment@GlobalCtrlInstance@@UAEHPAW4_SDK_NET_ENV@@@Z 10002e60 f i GlobalCtrl.obj
 0001:00001e80       ?GetTimeOutDependsOnNetwork@GlobalCtrlInstance@@UAEIXZ 10002e80 f i GlobalCtrl.obj
 0001:00001ea0       ?EnableRelogon@GlobalCtrlInstance@@UAEHH@Z 10002ea0 f i GlobalCtrl.obj
 0001:00001eb0       ?IsRelogonEnabled@GlobalCtrlInstance@@UAEHXZ 10002eb0 f i GlobalCtrl.obj
 0001:00001ec0       ?SetShowMode@GlobalCtrlInstance@@UAEHII@Z 10002ec0 f i GlobalCtrl.obj
 0001:00001ee0       ?GetShowMode@GlobalCtrlInstance@@UAEHPAI0@Z 10002ee0 f i GlobalCtrl.obj
 0001:00001f10       ?SetSoundShare@GlobalCtrlInstance@@UAEHH@Z 10002f10 f i GlobalCtrl.obj
 0001:00001f20       ?IsSoundShare@GlobalCtrlInstance@@UAEHXZ 10002f20 f i GlobalCtrl.obj
 0001:00001f30       ?SetSoftDecSDKName@GlobalCtrlInstance@@UAEHPBD@Z 10002f30 f i GlobalCtrl.obj
 0001:00001fa0       ?GetSoftDecSDKName@GlobalCtrlInstance@@UAEPBDXZ 10002fa0 f i GlobalCtrl.obj
 0001:00001fb0       ?SetHardDecSDKName@GlobalCtrlInstance@@UAEHPBD@Z 10002fb0 f i GlobalCtrl.obj
 0001:00002020       ?GetHardDecSDKName@GlobalCtrlInstance@@UAEPBDXZ 10003020 f i GlobalCtrl.obj
 0001:00002030       ?SetConvertSDKName@GlobalCtrlInstance@@UAEHPBD@Z 10003030 f i GlobalCtrl.obj
 0001:000020a0       ?GetConvertSDKName@GlobalCtrlInstance@@UAEPBDXZ 100030a0 f i GlobalCtrl.obj
 0001:000020b0       ?SetRtspTransSDKName@GlobalCtrlInstance@@UAEHPBD@Z 100030b0 f i GlobalCtrl.obj
 0001:00002120       ?GetRtspTransSDKName@GlobalCtrlInstance@@UAEPBDXZ 10003120 f i GlobalCtrl.obj
 0001:00002130       ?SetQosSDKName@GlobalCtrlInstance@@UAEHPBD@Z 10003130 f i GlobalCtrl.obj
 0001:000021a0       ?GetQosSDKName@GlobalCtrlInstance@@UAEPBDXZ 100031a0 f i GlobalCtrl.obj
 0001:000021b0       ?GetSDKBuildVersion@GlobalCtrlInstance@@UAEIXZ 100031b0 f i GlobalCtrl.obj
 0001:000021c0       ??_GGlobalCtrlInstance@@UAEPAXI@Z 100031c0 f i GlobalCtrl.obj
 0001:000021c0       ??_EGlobalCtrlInstance@@UAEPAXI@Z 100031c0 f i GlobalCtrl.obj
 0001:000021e0       ??1GlobalCtrlInstance@@UAE@XZ 100031e0 f i GlobalCtrl.obj
 0001:00002260       ?GetGlobalCtrl@@YAPAVGlobalCtrl@@XZ 10003260 f   GlobalCtrl.obj
 0001:00002270       ?GetLocalIP@GlobalCtrlInstance@@UAEHXZ 10003270 f   GlobalCtrl.obj
 0001:00002720       ?LoadDSo@GlobalCtrlInstance@@UAEPAXW4DSO_TYPE@@@Z 10003720 f   GlobalCtrl.obj
 0001:00002940       ?CheckTime@@YAHPBU__fTIME@@@Z 10003940 f   GlobalCtrl.obj
 0001:00002a20       ?CheckTimeSeq@@YAHPBU__fTIME@@0@Z 10003a20 f   GlobalCtrl.obj
 0001:00002aa0       ??0CMemPool@@QAE@III@Z     10003aa0 f   MemPool.obj
 0001:00002bc0       ??1CMemPool@@QAE@XZ        10003bc0 f   MemPool.obj
 0001:00002c70       ?NewAlloc@CMemPool@@QAEPAXI@Z 10003c70 f   MemPool.obj
 0001:00002db0       ?DelAlloc@CMemPool@@QAEXPAXI@Z 10003db0 f   MemPool.obj
 0001:00002e60       ??1?$vector@U_MEM_ADDR@@V?$allocator@U_MEM_ADDR@@@std@@@std@@QAE@XZ 10003e60 f i MemPool.obj
 0001:00002e90       ?insert@?$vector@U_MEM_ADDR@@V?$allocator@U_MEM_ADDR@@@std@@@std@@QAEXPAU_MEM_ADDR@@IABU3@@Z 10003e90 f i MemPool.obj
 0001:000030e0       ?_Destroy@?$vector@U_MEM_ADDR@@V?$allocator@U_MEM_ADDR@@@std@@@std@@IAEXPAU_MEM_ADDR@@0@Z 100040e0 f i MemPool.obj
 0001:00003120       ?GetTransUnitMgr@@YAPAVCTransUnitMgr@@XZ 10004120 f   TransUnit.obj
 0001:00003170       ??0CTransUnitMgr@@QAE@XZ   10004170 f   TransUnit.obj
 0001:00003180       ??1CTransUnitMgr@@QAE@XZ   10004180 f   TransUnit.obj
 0001:00003190       ?LoadTransUnitLib@CTransUnitMgr@@SA_NXZ 10004190 f   TransUnit.obj
 0001:00003330       ?g_TransUnitMutex@?1??GetTransUnitMutex@@YAPAVHPR_Mutex@@XZ@$AV1@A 10004330 f i TransUnit.obj
 0001:00003340       ?UnloadTransUnitLib@CTransUnitMgr@@SA_NXZ 10004340 f   TransUnit.obj
 0001:00003490       ?InitLib@CTransUnitMgr@@SAHXZ 10004490 f   TransUnit.obj
 0001:000034e0       ?FiniLib@CTransUnitMgr@@SAHXZ 100044e0 f   TransUnit.obj
 0001:00003530       ?CreateSession@CTransUnitMgr@@QBEHP6GHHHJJJJ@ZP6GHHJHPADH@ZJ@Z 10004530 f   TransUnit.obj
 0001:00003590       ?DestroySession@CTransUnitMgr@@QBEHH@Z 10004590 f   TransUnit.obj
 0001:000035e0       ?SetUDPReTrans@CTransUnitMgr@@QBEHH_N@Z 100045e0 f   TransUnit.obj
 0001:00003630       ?Start@CTransUnitMgr@@QBEHHPAD0H0@Z 10004630 f   TransUnit.obj
 0001:00003690       ?Stop@CTransUnitMgr@@QBEHH@Z 10004690 f   TransUnit.obj
 0001:000036e0       ?Pause@CTransUnitMgr@@QBEHH@Z 100046e0 f   TransUnit.obj
 0001:00003730       ?Resume@CTransUnitMgr@@QBEHH@Z 10004730 f   TransUnit.obj
 0001:00003780       ?RandomPlay@CTransUnitMgr@@QBEHHMM@Z 10004780 f   TransUnit.obj
 0001:000037e0       ?ChangeRate@CTransUnitMgr@@QBEHHH@Z 100047e0 f   TransUnit.obj
 0001:00003830       ?PrivateTrans@CTransUnitMgr@@QBEHHPADH0HPAH@Z 10004830 f   TransUnit.obj
 0001:000038a0       ?ResetDataCallback@CTransUnitMgr@@QBEHHP6GHHJHPADH@Z@Z 100048a0 f   TransUnit.obj
 0001:000038f0       ?SetTcpPortRange@CTransUnitMgr@@QBEHGG@Z 100048f0 f   TransUnit.obj
 0001:00003940       ?SetUdpPortRange@CTransUnitMgr@@QBEHGG@Z 10004940 f   TransUnit.obj
 0001:000039c0       ?CreateHikProxyInstance@@YAXXZ 100049c0 f   ProtocolHik.obj
 0001:00003a80       ?RecvThreadFunc@IHikProtocolInstance@@KGPAXPAX@Z 10004a80 f   ProtocolHik.obj
 0001:00003b80       ?JudgeStreamCommand@IHikProtocolInstance@@IAEHXZ 10004b80 f i ProtocolHik.obj
 0001:00003c90       ?DoRealStreamRecvInFollow@IHikProtocolInstance@@IAEHXZ 10004c90 f   ProtocolHik.obj
 0001:00003e70       ?DoRealCommonRecvInFollow@IHikProtocolInstance@@IAEHXZ 10004e70 f   ProtocolHik.obj
 0001:00004100       ??0IHikProtocolInstance@@QAE@XZ 10005100 f   ProtocolHik.obj
 0001:000041d0       ??_EICommandInterface@@UAEPAXI@Z 100051d0 f i ProtocolHik.obj
 0001:000041d0       ??_GICommandInterface@@UAEPAXI@Z 100051d0 f i ProtocolHik.obj
 0001:000041f0       ??_GIHikProtocolInstance@@UAEPAXI@Z 100051f0 f i ProtocolHik.obj
 0001:000041f0       ??_EIHikProtocolInstance@@UAEPAXI@Z 100051f0 f i ProtocolHik.obj
 0001:00004220       ??1IHikProtocolInstance@@UAE@XZ 10005220 f   ProtocolHik.obj
 0001:00004280       ?EnlargeBufferSize@IHikProtocolInstance@@UAEHII@Z 10005280 f   ProtocolHik.obj
 0001:00004300       ?NarrowBufferSize@IHikProtocolInstance@@UAEHII@Z 10005300 f   ProtocolHik.obj
 0001:00004390       ?AdjustRecvTimeOut@IHikProtocolInstance@@UAEHI@Z 10005390 f   ProtocolHik.obj
 0001:000043a0       ?AbandonDataInSocketBuffer@IHikProtocolInstance@@UAEHXZ 100053a0 f   ProtocolHik.obj
 0001:000045c0       ?CallBackContrl@IHikProtocolInstance@@UAEHH@Z 100055c0 f   ProtocolHik.obj
 0001:000046c0       ?EnableCallBack@IHikProtocolInstance@@UAEHH@Z 100056c0 f   ProtocolHik.obj
 0001:000046d0       ?UpdateConnectPara@IHikProtocolInstance@@UAEHPAU__CONNECT_COND@@@Z 100056d0 f   ProtocolHik.obj
 0001:00004740       ?CreateSocket@IHikProtocolInstance@@IAEHXZ 10005740 f   ProtocolHik.obj
 0001:000047e0       ?CreateTCPConnection@IHikProtocolInstance@@IAEHXZ 100057e0 f   ProtocolHik.obj
 0001:00004980       ?CreateUDPConnection@IHikProtocolInstance@@IAEHXZ 10005980 f   ProtocolHik.obj
 0001:00004ae0       ?CreateMCastConnection@IHikProtocolInstance@@IAEHXZ 10005ae0 f   ProtocolHik.obj
 0001:00004c70       ?CreateRTPConnection@IHikProtocolInstance@@IBEHXZ 10005c70 f   ProtocolHik.obj
 0001:00004c90       ?OpenConnection@IHikProtocolInstance@@UAEHPAU__CONNECT_COND@@@Z 10005c90 f   ProtocolHik.obj
 0001:00004e50       ?SendHeaderWithRecv@IHikProtocolInstance@@UAEHIPAU__DATA_BUF@@PAU__RECV_COND@@@Z 10005e50 f   ProtocolHik.obj
 0001:00004e80       ?SendHeaderWithoutRecv@IHikProtocolInstance@@UAEHIPAU__DATA_BUF@@@Z 10005e80 f   ProtocolHik.obj
 0001:00004fc0       ?SendContentWithRecv@IHikProtocolInstance@@UAEHPAU__DATA_BUF@@PAU__RECV_COND@@@Z 10005fc0 f   ProtocolHik.obj
 0001:00004ff0       ?SendContentWithoutRecv@IHikProtocolInstance@@UAEHPAU__DATA_BUF@@I@Z 10005ff0 f   ProtocolHik.obj
 0001:00005050       ?SetRecvDataCallBack@IHikProtocolInstance@@UAEHP6AHPAXPBXII@Z0@Z 10006050 f   ProtocolHik.obj
 0001:00005110       ?StopLinkInConnection@IHikProtocolInstance@@UAEHXZ 10006110 f   ProtocolHik.obj
 0001:00005190       ?CloseConnection@IHikProtocolInstance@@UAEHXZ 10006190 f   ProtocolHik.obj
 0001:000051a0       ?DoRealContentRecv@IHikProtocolInstance@@IAEHPAU__RECV_COND@@II@Z 100061a0 f   ProtocolHik.obj
 0001:00005290       ?DoLengthRecv@IHikProtocolInstance@@IAEHPAU__RECV_COND@@@Z 10006290 f   ProtocolHik.obj
 0001:00005370       ?DoReplyRecv@IHikProtocolInstance@@IAEHPAU__RECV_COND@@@Z 10006370 f   ProtocolHik.obj
 0001:000054b0       ?PackLogonMessage@IHikProtocolInstance@@IAEHPAXIIPAI@Z 100064b0 f   ProtocolHik.obj
 0001:000055d0       ?PackCommonMessage@IHikProtocolInstance@@IAEHPAXIIPAI@Z 100065d0 f   ProtocolHik.obj
 0001:000056e0       ?SendHeaderWithRecvEx@IHikProtocolInstance@@UAEHPAU__CONNECT_COND@@PAU__DATA_BUF@@PAU__RECV_COND@@@Z 100066e0 f   ProtocolHik.obj
 0001:00005770       ?Do3GReplyRecv@IHikProtocolInstance@@IAEHIPAU__RECV_COND@@@Z 10006770 f   ProtocolHik.obj
 0001:000058e0       ?SetRecvDataCallBackAndSocket@IHikProtocolInstance@@UAEHPAU__CONNECT_COND@@IP6AHPAXPBXII@Z1@Z 100068e0 f   ProtocolHik.obj
 0001:00005960       ?CreateInstance@?$ICreateClassInstance@VIHikProtocolInstance@@$0A@@@CAPAVICommandInterface@@XZ 10006960 f i ProtocolHik.obj
 0001:00005a10       ?DestroyInstance@?$ICreateClassInstance@VIHikProtocolInstance@@$0A@@@CAXPBVICommandInterface@@@Z 10006a10 f i ProtocolHik.obj
 0001:00005a40       ?IdentifyInstance@?$ICreateClassInstance@VIHikProtocolInstance@@$0A@@@CAHPBVICommandInterface@@@Z 10006a40 f i ProtocolHik.obj
 0001:00005ad0       ?CreateCommandInstance@@YAPAVICommandInterface@@PBU__HEADER_COND@@@Z 10006ad0 f   ProtocolInterface.obj
 0001:00005b60       ?DestroyCommandInstance@@YAHPBVICommandInterface@@@Z 10006b60 f   ProtocolInterface.obj
 0001:00005bf0       ?PackSendData@@YAHPAU__IPSRV_COND@@PADPAI@Z 10006bf0 f   ProtocolIPServer.obj
 0001:00005d60       ?ParseRecvData@@YAHW4IPSRV_REQUEST@@PBDIPAU__IPSRV_RPLY@@@Z 10006d60 f   ProtocolIPServer.obj
 0001:00005e20       ?ResolveDvrInfoThroughServer@@YAHPAU__IPSRV_COND@@PAU__IPSRV_RPLY@@@Z 10006e20 f   ProtocolIPServer.obj
 0001:000060c0       ?OpenCommandConnection@@YAHQAU__CONNECT_COND@@P6AHPAXPBXII@Z1PAH@Z 100070c0 f   ProtocolLong.obj
 0001:000063d0       ?CommandCallBackContrl@@YAHHH@Z 100073d0 f   ProtocolLong.obj
 0001:00006460       ?UpdateConnectPara@@YAHHPAU__CONNECT_COND@@@Z 10007460 f   ProtocolLong.obj
 0001:000064f0       ?CommandEnableCallBack@@YAHHH@Z 100074f0 f   ProtocolLong.obj
 0001:00006580       ?SendCommandWithRecv@@YAHHIPAU__DATA_BUF@@PAU__RECV_COND@@@Z 10007580 f   ProtocolLong.obj
 0001:00006640       ?SendCommandWithoutRecv@@YAHHIPAU__DATA_BUF@@@Z 10007640 f   ProtocolLong.obj
 0001:000066d0       ?SendContentWithRecv@@YAHHPAU__DATA_BUF@@PAU__RECV_COND@@@Z 100076d0 f   ProtocolLong.obj
 0001:00006760       ?SendContentWithoutRecv@@YAHHPAU__DATA_BUF@@I@Z 10007760 f   ProtocolLong.obj
 0001:000067f0       ?StopLinkInConnection@@YAHH@Z 100077f0 f   ProtocolLong.obj
 0001:000068c0       ?CloseCommandConnection@@YAHH@Z 100078c0 f   ProtocolLong.obj
 0001:000069f0       ?CommandEnlargeBufferSize@@YAHHII@Z 100079f0 f   ProtocolLong.obj
 0001:00006a80       ?CommandNarrowBufferSize@@YAHHII@Z 10007a80 f   ProtocolLong.obj
 0001:00006b10       ?CommandAdjustRecvTimeOut@@YAHHI@Z 10007b10 f   ProtocolLong.obj
 0001:00006ba0       ?CommandAbandonDataInSocketBuffer@@YAHH@Z 10007ba0 f   ProtocolLong.obj
 0001:00006c30       ??_H@YGXPAXIHP6EX0@Z@Z     10007c30 f i ProtocolLong.obj
 0001:00006c90       ?IsTypeRigistered@IProtocolProxy@@SAHW4PROXYTYPE@@@Z 10007c90 f   ProtocolProxy.obj
 0001:00006cb0       ?RigisterCreateFunc@IProtocolProxy@@SAXW4PROXYTYPE@@P6APAVICommandInterface@@XZ@Z 10007cb0 f   ProtocolProxy.obj
 0001:00006cc0       ?RigisterDestroyFunc@IProtocolProxy@@SAXW4PROXYTYPE@@P6AXPBVICommandInterface@@@Z@Z 10007cc0 f   ProtocolProxy.obj
 0001:00006cd0       ?RigisterIdentifyFunc@IProtocolProxy@@SAXW4PROXYTYPE@@P6AHPBVICommandInterface@@@Z@Z 10007cd0 f   ProtocolProxy.obj
 0001:00006ce0       ?UnRigisterCreateFunc@IProtocolProxy@@SAXW4PROXYTYPE@@@Z 10007ce0 f   ProtocolProxy.obj
 0001:00006cf0       ?UnRigisterDestroyFunc@IProtocolProxy@@SAXW4PROXYTYPE@@@Z 10007cf0 f   ProtocolProxy.obj
 0001:00006d00       ?UnRigisterIdentifyFunc@IProtocolProxy@@SAXW4PROXYTYPE@@@Z 10007d00 f   ProtocolProxy.obj
 0001:00006d10       ?CreateRigisteredInstance@IProtocolProxy@@SAPAVICommandInterface@@W4PROXYTYPE@@@Z 10007d10 f   ProtocolProxy.obj
 0001:00006d20       ?DestroyRigisteredInstance@IProtocolProxy@@SAXW4PROXYTYPE@@PBVICommandInterface@@@Z 10007d20 f   ProtocolProxy.obj
 0001:00006d40       ?IdentifyRigisteredInstance@IProtocolProxy@@SAHW4PROXYTYPE@@PBVICommandInterface@@@Z 10007d40 f   ProtocolProxy.obj
 0001:00006d90       ?DoRealRecv@@YAHIPAXIPAII@Z 10007d90 f   ProtocolPublic.obj
 0001:00006da0       ?DoRealRecvEx@@YAHABIPAXIPAIIAAUfd_set@@AAUtimeval@@ABH@Z 10007da0 f   ProtocolPublic.obj
 0001:00006f20       ??4HPR_Sema@@QAEAAV0@ABV0@@Z 10007f20 f i ProtocolRtsp.obj
 0001:00006f30       ?CreateRtspProxyInstance@@YAXXZ 10007f30 f   ProtocolRtsp.obj
 0001:00006ff0       ?ConvertStrToStreamHeader@@YAHPBDPAD@Z 10007ff0 f   ProtocolRtsp.obj
 0001:000070a0       ?data_cbf@@YGHHJHPADH@Z    100080a0 f   ProtocolRtsp.obj
 0001:00007210       ?proc_describe@@YAHHJJJJ@Z 10008210 f   ProtocolRtsp.obj
 0001:000072f0       ?proc_setup@@YAHHJJJJ@Z    100082f0 f   ProtocolRtsp.obj
 0001:00007360       ?proc_play@@YAHHJJJJ@Z     10008360 f   ProtocolRtsp.obj
 0001:00007370       ?proc_resume@@YAHHJJJJ@Z   10008370 f   ProtocolRtsp.obj
 0001:00007380       ?proc_play_speed@@YAHHJJJJ@Z 10008380 f   ProtocolRtsp.obj
 0001:00007390       ?proc_pause@@YAHHJJJJ@Z    10008390 f   ProtocolRtsp.obj
 0001:000073a0       ?proc_teardown@@YAHHJJJJ@Z 100083a0 f   ProtocolRtsp.obj
 0001:000073b0       ?proc_options@@YAHHJJJJ@Z  100083b0 f   ProtocolRtsp.obj
 0001:000073c0       ?proc_heartbeat@@YAHHJJJJ@Z 100083c0 f   ProtocolRtsp.obj
 0001:000073d0       ?proc_heartbeat_timeout@@YAHHJJJJ@Z 100083d0 f   ProtocolRtsp.obj
 0001:00007480       ?proc_privatetrans@@YAHHJJJJ@Z 10008480 f   ProtocolRtsp.obj
 0001:00007490       ?proc_quit@@YAHHJJJJ@Z     10008490 f   ProtocolRtsp.obj
 0001:000074a0       ?msg_cbf@@YGHHHJJJJ@Z      100084a0 f   ProtocolRtsp.obj
 0001:00007700       ??0IRtspProtocolInstance@@QAE@XZ 10008700 f   ProtocolRtsp.obj
 0001:000077f0       ??1ICommandInterface@@UAE@XZ 100087f0 f i ProtocolRtsp.obj
 0001:00007800       ??_EIRtspProtocolInstance@@UAEPAXI@Z 10008800 f i ProtocolRtsp.obj
 0001:00007800       ??_GIRtspProtocolInstance@@UAEPAXI@Z 10008800 f i ProtocolRtsp.obj
 0001:00007830       ??1IRtspProtocolInstance@@UAE@XZ 10008830 f   ProtocolRtsp.obj
 0001:000078c0       ?ProcTcpData@IRtspProtocolInstance@@IAEHPBXI@Z 100088c0 f   ProtocolRtsp.obj
 0001:00007b10       ?OpenConnection@IRtspProtocolInstance@@UAEHPAU__CONNECT_COND@@@Z 10008b10 f   ProtocolRtsp.obj
 0001:00007c90       ?UpdateConnectPara@IRtspProtocolInstance@@UAEHPAU__CONNECT_COND@@@Z 10008c90 f   ProtocolRtsp.obj
 0001:00007d00       ?SendHeaderWithRecv@IRtspProtocolInstance@@UAEHIPAU__DATA_BUF@@PAU__RECV_COND@@@Z 10008d00 f   ProtocolRtsp.obj
 0001:00007f10       ?SendHeaderWithoutRecv@IRtspProtocolInstance@@UAEHIPAU__DATA_BUF@@@Z 10008f10 f   ProtocolRtsp.obj
 0001:00007f20       ?SendContentWithRecv@IRtspProtocolInstance@@UAEHPAU__DATA_BUF@@PAU__RECV_COND@@@Z 10008f20 f   ProtocolRtsp.obj
 0001:00007f30       ?SendContentWithoutRecv@IRtspProtocolInstance@@UAEHPAU__DATA_BUF@@I@Z 10008f30 f   ProtocolRtsp.obj
 0001:00007f40       ?SetRecvDataCallBack@IRtspProtocolInstance@@UAEHP6AHPAXPBXII@Z0@Z 10008f40 f   ProtocolRtsp.obj
 0001:00007f60       ?StopLinkInConnection@IRtspProtocolInstance@@UAEHXZ 10008f60 f   ProtocolRtsp.obj
 0001:00007fd0       ?CloseConnection@IRtspProtocolInstance@@UAEHXZ 10008fd0 f   ProtocolRtsp.obj
 0001:00008020       ?EnlargeBufferSize@IRtspProtocolInstance@@UAEHII@Z 10009020 f   ProtocolRtsp.obj
 0001:00008030       ?NarrowBufferSize@IRtspProtocolInstance@@UAEHII@Z 10009030 f   ProtocolRtsp.obj
 0001:00008040       ?AdjustRecvTimeOut@IRtspProtocolInstance@@UAEHI@Z 10009040 f   ProtocolRtsp.obj
 0001:00008050       ?AbandonDataInSocketBuffer@IRtspProtocolInstance@@UAEHXZ 10009050 f   ProtocolRtsp.obj
 0001:00008060       ?CallBackContrl@IRtspProtocolInstance@@UAEHH@Z 10009060 f   ProtocolRtsp.obj
 0001:00008160       ?EnableCallBack@IRtspProtocolInstance@@UAEHH@Z 10009160 f   ProtocolRtsp.obj
 0001:00008170       ?IsValidData@IRtspProtocolInstance@@IBEHI@Z 10009170 f   ProtocolRtsp.obj
 0001:000081b0       ?SetRecvDataCallBackAndSocket@IRtspProtocolInstance@@UAEHPAU__CONNECT_COND@@IP6AHPAXPBXII@Z1@Z 100091b0 f   ProtocolRtsp.obj
 0001:00008230       ?SendHeaderWithRecvEx@IRtspProtocolInstance@@UAEHPAU__CONNECT_COND@@PAU__DATA_BUF@@PAU__RECV_COND@@@Z 10009230 f   ProtocolRtsp.obj
 0001:00008240       ?CreateInstance@?$ICreateClassInstance@VIRtspProtocolInstance@@$00@@CAPAVICommandInterface@@XZ 10009240 f i ProtocolRtsp.obj
 0001:000082f0       ?DestroyInstance@?$ICreateClassInstance@VIRtspProtocolInstance@@$00@@CAXPBVICommandInterface@@@Z 100092f0 f i ProtocolRtsp.obj
 0001:00008320       ?IdentifyInstance@?$ICreateClassInstance@VIRtspProtocolInstance@@$00@@CAHPBVICommandInterface@@@Z 10009320 f i ProtocolRtsp.obj
 0001:000084f0       ?ListenProc@MonitorServer@@KGPAXPAX@Z 100094f0 f   ProtocolServer.obj
 0001:00008680       ?TCPServerMessProc@MonitorServer@@KGPAXPAX@Z 10009680 f   ProtocolServer.obj
 0001:00008960       ?UDPServerMessProc@MonitorServer@@KGPAXPAX@Z 10009960 f   ProtocolServer.obj
 0001:00008980       ?StartMonitorServer@@YAHPBUHPR_ADDR_T@@P6AHPAU1@PAXPBXIII@Z2W4PROTOCOL@@PAHH@Z 10009980 f   ProtocolServer.obj
 0001:00008c50       ?StopMonitorServer@@YAHH@Z 10009c50 f   ProtocolServer.obj
 0001:00008e00       ?ShellExecuteCommand@@YAHQAU__COMM_COND@@@Z 10009e00 f   ProtocolShort.obj
 0001:00008f10       ?ConvertCommandStatusToErrorCode@@YAHI@Z 10009f10 f   StatusConvertErrorCode.obj
 0001:000093f0       ?ConvertStatusFromFiftyOneToSixty@@YAHI@Z 1000a3f0 f i StatusConvertErrorCode.obj
 0001:000094d0       ?ConvertStatusLargerThanSixty@@YAHI@Z 1000a4d0 f i StatusConvertErrorCode.obj
 0001:000095d0       ?ServiceStart@LogService@@QAEHXZ 1000a5d0 f   logmodule.obj
 0001:00009990       ?ServiceStop@LogService@@QAEH_N@Z 1000a990 f   logmodule.obj
 0001:00009c60       ?SwitchFileService@LogService@@QAEH_NPBDI0@Z 1000ac60 f   logmodule.obj
 0001:00009d00       ?PushData@LogService@@QAEHPBDI@Z 1000ad00 f   logmodule.obj
 0001:00009fd0       ?StartWriteFile@LogService@@IAEHPBDI@Z 1000afd0 f   logmodule.obj
 0001:0000a080       ?InputDataToFile@LogService@@IAEHPBDI@Z 1000b080 f   logmodule.obj
 0001:0000a3c0       ?MakeFileName@LogService@@IAEPBDH@Z 1000b3c0 f i logmodule.obj
 0001:0000a4e0       ?StopWriteFile@LogService@@IAEHXZ 1000b4e0 f   logmodule.obj
 0001:0000a530       ?GetLogService@@YAPAVLogService@@XZ 1000b530 f   logmodule.obj
 0001:0000a570       ??0LogService@@QAE@XZ      1000b570 f i logmodule.obj
 0001:0000a660       ??1LogService@@QAE@XZ      1000b660 f i logmodule.obj
 0001:0000a790       ?WriteLogProc@LogService@@KGPAXPAX@Z 1000b790 f   logmodule.obj
 0001:0000a910       ?FormatTimeAndName@@YAHPADIW4log_level@@PBDH@Z 1000b910 f   logmodule.obj
 0001:0000a980       ?WriteLog@@YAHW4log_level@@PBDH1ZZ 1000b980 f   logmodule.obj
 0001:0000aad0       ?AdjustLogLevel@@YAHW4log_level@@@Z 1000bad0 f   logmodule.obj
 0001:0000aae0       ?EnableTarget@@YAHW4log_services@@PBXII@Z 1000bae0 f   logmodule.obj
 0001:0000ab40       ?DisableTarget@@YAHW4log_services@@@Z 1000bb40 f   logmodule.obj
 0001:0000abb0       ?StartLogService@@YAHXZ    1000bbb0 f   logmodule.obj
 0001:0000abc0       ?StopLogService@@YAH_N@Z   1000bbc0 f   logmodule.obj
 0001:0000abe0       ??1?$deque@U_LOG@@V?$allocator@U_LOG@@@std@@@std@@QAE@XZ 1000bbe0 f i logmodule.obj
 0001:0000ac90       ?pop_front@?$deque@U_LOG@@V?$allocator@U_LOG@@@std@@@std@@QAEXXZ 1000bc90 f i logmodule.obj
 0001:0000ad20       ?_Buyback@?$deque@U_LOG@@V?$allocator@U_LOG@@@std@@@std@@IAEXXZ 1000bd20 f i logmodule.obj
 0001:0000ae80       ?pop_back@?$deque@U_LOG@@V?$allocator@U_LOG@@@std@@@std@@QAEXXZ 1000be80 f i logmodule.obj
 0001:0000afc0       ?_Growmap@?$deque@U_LOG@@V?$allocator@U_LOG@@@std@@@std@@IAEPAPAU_LOG@@I@Z 1000bfc0 f i logmodule.obj
 0001:0000b030       ??Hiterator@?$deque@U_LOG@@V?$allocator@U_LOG@@@std@@@std@@QBE?AV012@H@Z 1000c030 f i logmodule.obj
 0001:0000b090       ??Giterator@?$deque@U_LOG@@V?$allocator@U_LOG@@@std@@@std@@QBEHABV012@@Z 1000c090 f i logmodule.obj
 0001:0000b0e0       ??0const_iterator@?$deque@U_LOG@@V?$allocator@U_LOG@@@std@@@std@@QAE@PAU_LOG@@PAPAU3@@Z 1000c0e0 f i logmodule.obj
 0001:0000b110       ?_Add@const_iterator@?$deque@U_LOG@@V?$allocator@U_LOG@@@std@@@std@@IAEXH@Z 1000c110 f i logmodule.obj
 0001:0000b180       ?copy_backward@std@@YA?AViterator@?$deque@U_LOG@@V?$allocator@U_LOG@@@std@@@1@V231@00@Z 1000c180 f i logmodule.obj
 0001:0000b210       ?copy@std@@YA?AViterator@?$deque@U_LOG@@V?$allocator@U_LOG@@@std@@@1@V231@00@Z 1000c210 f i logmodule.obj
 0001:0000b2e0       ?SimpleCommandToDvr@@YAHHIPAXII0IPAI@Z 1000c2e0 f   CommandWithUser.obj
 0001:0000b320       ?AdjustCommandRecvTimeOut@@YAIIIE@Z 1000c320 f   CommandWithUser.obj
 0001:0000b480       ?SimpleCommandToDvrEx@@YAHHIPAXIIAAPAXAAI@Z 1000c480 f   CommandWithUser.obj
 0001:0000b670       ?SimpleCommandToDvrSpecial@@YAHHIPAXI@Z 1000c670 f   CommandWithUser.obj
 0001:0000b950       ?EncryptMess@@YAHW4ENCRYPTTYPE@@PBD1PAD21I@Z 1000c950 f   Logonoff.obj
 0001:0000bac0       ?AdjustVersionWhenVersionMismatch@@YAHAAII@Z 1000cac0 f   Logonoff.obj
 0001:0000bb20       ?ParseDeviceInfoFromMess@@YAHPBDIIPAUINTER_DEVICEINFO@@PAI@Z 1000cb20 f   Logonoff.obj
 0001:0000bc30       ?LogonDevice@@YAHPBUHPR_ADDR_T@@PBD1PAUINTER_DEVICEINFO@@PAI33@Z 1000cc30 f   Logonoff.obj
 0001:0000bf70       ?LogoffDevice@@YAHH@Z      1000cf70 f   Logonoff.obj
 0001:0000c040       ?ReLogonDevice@@YAHH@Z     1000d040 f   Logonoff.obj
 0001:0000c320       ?GetUserCtrl@@YAPAVUserCtrl@@XZ 1000d320 f   UserCtrlInstance.obj
 0001:0000c330       ?GlobalForceCloseAllLiveUserLink@@YAHXZ 1000d330 f   UserCtrlInstance.obj
 0001:0000c360       ??0UserCtrlInstance@@QAE@XZ 1000d360 f   UserCtrlInstance.obj
 0001:0000c3d0       ??1UserCtrl@@UAE@XZ        1000d3d0 f i UserCtrlInstance.obj
 0001:0000c3e0       ??_EUserCtrl@@UAEPAXI@Z    1000d3e0 f i UserCtrlInstance.obj
 0001:0000c3e0       ??_GUserCtrl@@UAEPAXI@Z    1000d3e0 f i UserCtrlInstance.obj
 0001:0000c400       ?CheckUserIndex@UserCtrlInstance@@UAEHH@Z 1000d400 f i UserCtrlInstance.obj
 0001:0000c460       ?LockUserByIndex@UserCtrlInstance@@UAEHH@Z 1000d460 f i UserCtrlInstance.obj
 0001:0000c490       ?UnlockUserByIndex@UserCtrlInstance@@UAEHH@Z 1000d490 f i UserCtrlInstance.obj
 0001:0000c4c0       ?UpdateDvrUserId@UserCtrlInstance@@UAEHHI@Z 1000d4c0 f i UserCtrlInstance.obj
 0001:0000c4f0       ?UpdateProtocolVersion@UserCtrlInstance@@UAEHHI@Z 1000d4f0 f i UserCtrlInstance.obj
 0001:0000c520       ?UpdateStreamProtocol@UserCtrlInstance@@UAEHHI@Z 1000d520 f i UserCtrlInstance.obj
 0001:0000c550       ?UpdateUserDataByIndex@UserCtrlInstance@@UAEHHPAU_USER_DATA@@@Z 1000d550 f i UserCtrlInstance.obj
 0001:0000c580       ?GetDvrUserId@UserCtrlInstance@@UAEIH@Z 1000d580 f i UserCtrlInstance.obj
 0001:0000c5a0       ?GetDvrAddress@UserCtrlInstance@@UAEHHPAUHPR_ADDR_T@@@Z 1000d5a0 f i UserCtrlInstance.obj
 0001:0000c5d0       ?GetDvrUserName@UserCtrlInstance@@UAEPBDH@Z 1000d5d0 f i UserCtrlInstance.obj
 0001:0000c5f0       ?GetDvrPassWord@UserCtrlInstance@@UAEPBDH@Z 1000d5f0 f i UserCtrlInstance.obj
 0001:0000c610       ?GetDvrProtocolVersion@UserCtrlInstance@@UAEIH@Z 1000d610 f i UserCtrlInstance.obj
 0001:0000c630       ?GetStreamProtocol@UserCtrlInstance@@UAEIH@Z 1000d630 f i UserCtrlInstance.obj
 0001:0000c650       ?GetDvrSupport@UserCtrlInstance@@UAEIH@Z 1000d650 f i UserCtrlInstance.obj
 0001:0000c670       ?GetUserDataByIndex@UserCtrlInstance@@UAEHHPAU_USER_INFO@@@Z 1000d670 f i UserCtrlInstance.obj
 0001:0000c6e0       ?GetDvrSerialNumber@UserCtrlInstance@@UAEPBEH@Z 1000d6e0 f i UserCtrlInstance.obj
 0001:0000c700       ??_EUserCtrlInstance@@UAEPAXI@Z 1000d700 f i UserCtrlInstance.obj
 0001:0000c700       ??_GUserCtrlInstance@@UAEPAXI@Z 1000d700 f i UserCtrlInstance.obj
 0001:0000c720       ??1UserCtrlInstance@@UAE@XZ 1000d720 f   UserCtrlInstance.obj
 0001:0000c740       ?ForceCloseAllLiveUserLink@UserCtrlInstance@@QAEHXZ 1000d740 f   UserCtrlInstance.obj
 0001:0000c7c0       ?RetrieveTotalUserNum@UserCtrlInstance@@UAEHPAI@Z 1000d7c0 f   UserCtrlInstance.obj
 0001:0000c7e0       ?IncreaseLongLinkNumByUIDType@UserCtrlInstance@@UAEHIH@Z 1000d7e0 f   UserCtrlInstance.obj
 0001:0000c850       ?DecreaseLongLinkNumByUIDType@UserCtrlInstance@@UAEHIH@Z 1000d850 f   UserCtrlInstance.obj
 0001:0000c8c0       ?IncreaseLongLinkNumByNIDType@UserCtrlInstance@@UAEHI@Z 1000d8c0 f   UserCtrlInstance.obj
 0001:0000c8e0       ?DecreaseLongLinkNumByNIDType@UserCtrlInstance@@UAEHI@Z 1000d8e0 f   UserCtrlInstance.obj
 0001:0000c900       ?RetrieveLongLinkNumByUIDType@UserCtrlInstance@@UAEHIPAI@Z 1000d900 f   UserCtrlInstance.obj
 0001:0000c930       ?RetrieveLongLinkNumByNIDType@UserCtrlInstance@@UAEHIPAI@Z 1000d930 f   UserCtrlInstance.obj
 0001:0000c990       ?UserExchangeWorker@UserCtrlInstance@@KGPAXPAX@Z 1000d990 f   UserCtrlManage.obj
 0001:0000cce0       ?UserLoopCheckExchange@UserCtrlInstance@@KAXPAXII@Z 1000dce0 f   UserCtrlManage.obj
 0001:0000cd50       ?UserExchange@UserCtrlInstance@@KGPAXPAX@Z 1000dd50 f   UserCtrlManage.obj
 0001:0000ce70       ?IncUserNumWorker@UserCtrlInstance@@KAHXZ 1000de70 f   UserCtrlManage.obj
 0001:0000cf00       ?DecUserNumWorker@UserCtrlInstance@@KAHH@Z 1000df00 f   UserCtrlManage.obj
 0001:0000cfa0       ?AddUser@UserCtrlInstance@@UAEHQAU_USER_INFO@@PAH@Z 1000dfa0 f   UserCtrlManage.obj
 0001:0000d0e0       ?DelUser@UserCtrlInstance@@UAEHH@Z 1000e0e0 f   UserCtrlManage.obj
 0001:0000d180       ?GetFirstUserIndexByDvrIp@UserCtrlInstance@@UAEHPBDPAH@Z 1000e180 f   UserCtrlManage.obj
 0001:0000d250       ??0CWaveIn@@QAE@XZ         1000e250 f   WaveIn.obj
 0001:0000d270       ??1CWaveIn@@QAE@XZ         1000e270 f   WaveIn.obj
 0001:0000d280       ?Start@CWaveIn@@QAEHPBUWAVEDATAFORMAT@@IP6GXPADIPAX@Z2@Z 1000e280 f   WaveIn.obj
 0001:0000d570       ?Stop@CWaveIn@@QAEHXZ      1000e570 f   WaveIn.obj
 0001:0000d650       ?AddInputBufferToQueue@CWaveIn@@AAEHPAUwavehdr_tag@@@Z 1000e650 f   WaveIn.obj
 0001:0000d690       ?waveInProc@CWaveIn@@CGXPAUHWAVEIN__@@IIII@Z 1000e690 f   WaveIn.obj
 0001:0000d720       ?StartWaveIn@@YAPAXPBUWAVEDATAFORMAT@@IP6GXPADIPAX@Z2@Z 1000e720 f   WaveInInterface.obj
 0001:0000d800       ?StopWaveIn@@YAHPAX@Z      1000e800 f   WaveInInterface.obj
 0001:0000d870       ??0CWaveOut@@QAE@XZ        1000e870 f   WaveOut.obj
 0001:0000d890       ??1CWaveOut@@QAE@XZ        1000e890 f   WaveOut.obj
 0001:0000d8a0       ?OpenSound@CWaveOut@@QAEHPBUWAVEDATAFORMAT@@I@Z 1000e8a0 f   WaveOut.obj
 0001:0000dac0       ?CloseSound@CWaveOut@@QAEHXZ 1000eac0 f   WaveOut.obj
 0001:0000db60       ?SetVolume@CWaveOut@@QAEHG@Z 1000eb60 f   WaveOut.obj
 0001:0000db90       ?InputData@CWaveOut@@QAEHPBEI@Z 1000eb90 f   WaveOut.obj
 0001:0000dc80       ?WaveOutProc@CWaveOut@@CGXPAUHWAVEOUT__@@IIII@Z 1000ec80 f   WaveOut.obj
 0001:0000dcd0       ?StartWaveOut@@YAPAXPBUWAVEDATAFORMAT@@I@Z 1000ecd0 f   WaveOutInterface.obj
 0001:0000dda0       ?StopWaveOut@@YAHPAX@Z     1000eda0 f   WaveOutInterface.obj
 0001:0000dde0       ?InputWaveOutData@@YAHPAXPBEI@Z 1000ede0 f   WaveOutInterface.obj
 0001:0000de10       ?SetWaveOutVolume@@YAHPAXG@Z 1000ee10 f   WaveOutInterface.obj
 0001:0000de70       ?GetQosAPI@@YAPAUQOSAPI@@XZ 1000ee70 f   QosInterface.obj
 0001:0000de80       ?GetQosMutex@@YAPAVHPR_Mutex@@XZ 1000ee80 f   QosInterface.obj
 0001:0000ded0       ??0CQosOperate@@QAE@XZ     1000eed0 f   QosInterface.obj
 0001:0000dee0       ??1CQosOperate@@QAE@XZ     1000eee0 f   QosInterface.obj
 0001:0000def0       ?LoadQosLib@CQosOperate@@SAHXZ 1000eef0 f   QosInterface.obj
 0001:0000e160       ?UnloadQosLib@CQosOperate@@SAHXZ 1000f160 f   QosInterface.obj
 0001:0000e260       ?Init@CQosOperate@@SAHXZ   1000f260 f   QosInterface.obj
 0001:0000e300       ?Fini@CQosOperate@@SAHXZ   1000f300 f   QosInterface.obj
 0001:0000e3a0       ?Create@CQosOperate@@QBEHPBUHIK_QOS_CONFIG@@@Z 1000f3a0 f   QosInterface.obj
 0001:0000e430       ?Destroy@CQosOperate@@QBEHH@Z 1000f430 f   QosInterface.obj
 0001:0000e4d0       ?SetQosMode@CQosOperate@@QBEHHW4HIK_QOS_MODE@@@Z 1000f4d0 f   QosInterface.obj
 0001:0000e570       ?AddPacket@CQosOperate@@QBEHHPAEI@Z 1000f570 f   QosInterface.obj
 0001:0000e610       ?SetCbForRawData@CQosOperate@@QBEHHP6GXHPAEIPAX@Z1@Z 1000f610 f   QosInterface.obj
 0001:0000e6b0       ?GetErrorString@CQosOperate@@QBEHHPAD@Z 1000f6b0 f   QosInterface.obj
 0001:0000e710       ?GetQosInfo@CQosOperate@@QBEHHPAUHIK_QOS_INFO@@@Z 1000f710 f   QosInterface.obj
 0001:0000e7b0       ?GetVersion@CQosOperate@@QBEHPAD@Z 1000f7b0 f   QosInterface.obj
 0001:0000e830       ?SetupAlarmChanInternal@@YAHHI@Z 1000f830 f   InterfaceAlarm.obj
 0001:0000e8e0       _NET_DVR_SetupAlarmChan@4  1000f8e0 f   InterfaceAlarm.obj
 0001:0000e900       _NET_DVR_CloseAlarmChan@4  1000f900 f   InterfaceAlarm.obj
 0001:0000e910       _NET_DVR_SetupAlarmChan_V30@4 1000f910 f   InterfaceAlarm.obj
 0001:0000e930       _NET_DVR_CloseAlarmChan_V30@4 1000f930 f   InterfaceAlarm.obj
 0001:0000e9d0       _NET_DVR_BackupByName@8    1000f9d0 f   InterfaceBackup.obj
 0001:0000eaf0       _NET_DVR_BackupByTime@8    1000faf0 f   InterfaceBackup.obj
 0001:0000ec10       _NET_DVR_GetBackupProgress@8 1000fc10 f   InterfaceBackup.obj
 0001:0000ec80       _NET_DVR_StopBackup@4      1000fc80 f   InterfaceBackup.obj
 0001:0000ece0       _NET_DVR_BackupPicture@8   1000fce0 f   InterfaceBackup.obj
 0001:0000ee30       ?ConvertParam@@YAHAAU_CONFIG_PARAM_@@@Z 1000fe30 f   InterfaceConfig.obj
 0001:0000efe0       ?ConfigAllCfg@@YAHAAU_CONFIG_PARAM_@@@Z 1000ffe0 f   InterfaceConfig.obj
 0001:0000f2c0       _NET_DVR_SetDVRConfig@20   100102c0 f   InterfaceConfig.obj
 0001:0000f540       _NET_DVR_GetDVRConfig@24   10010540 f   InterfaceConfig.obj
 0001:0000f870       _NET_DVR_GetRtspConfig@16  10010870 f   InterfaceConfig.obj
 0001:0000f970       _NET_DVR_SetRtspConfig@16  10010970 f   InterfaceConfig.obj
 0001:0000fa50       _NET_DVR_SetScaleCFG@8     10010a50 f   InterfaceConfig.obj
 0001:0000fad0       _NET_DVR_GetScaleCFG@8     10010ad0 f   InterfaceConfig.obj
 0001:0000fb80       _NET_DVR_GetScaleCFG_V30@8 10010b80 f   InterfaceConfig.obj
 0001:0000fd00       _NET_DVR_SetScaleCFG_V30@8 10010d00 f   InterfaceConfig.obj
 0001:0000fe20       _NET_DVR_SetATMPortCFG@8   10010e20 f   InterfaceConfig.obj
 0001:0000fec0       _NET_DVR_GetATMPortCFG@8   10010ec0 f   InterfaceConfig.obj
 0001:0000ff60       _NET_DVR_GetDeviceAbility@24 10010f60 f   InterfaceConfig.obj
 0001:00010520       _NET_DVR_SetTrackMode@12   10011520 f   InterfaceConfig.obj
 0001:00010610       _NET_DVR_GetTrackMode@12   10011610 f   InterfaceConfig.obj
 0001:000106d0       _NET_VCA_RestartLib@8      100116d0 f   InterfaceConfig.obj
 0001:00010740       _NET_DVR_GetVCADrawMode@12 10011740 f   InterfaceConfig.obj
 0001:00010800       _NET_DVR_SetVCADrawMode@12 10011800 f   InterfaceConfig.obj
 0001:000108e0       _NET_DVR_SetBehaviorParamKey@16 100118e0 f   InterfaceConfig.obj
 0001:00010990       _NET_DVR_GetBehaviorParamKey@16 10011990 f   InterfaceConfig.obj
 0001:00010a50       _NET_DVR_ResetCounter@8    10011a50 f   InterfaceConfig.obj
 0001:00010ac0       _NET_DVR_VerifyCalibration@28 10011ac0 f   InterfaceConfig.obj
 0001:00010cb0       _NET_DVR_GetAtmFrameFormat_V30@12 10011cb0 f   InterfaceConfig.obj
 0001:00010ee0       _NET_DVR_SetAtmFrameFormat_V30@12 10011ee0 f   InterfaceConfig.obj
 0001:000110e0       _NET_DVR_GetAtmProtocol@8  100120e0 f   InterfaceConfig.obj
 0001:00011520       _NET_DVR_ClientGetframeformat@8 10012520 f   InterfaceConfig.obj
 0001:00011630       _NET_DVR_ClientSetframeformat@8 10012630 f   InterfaceConfig.obj
 0001:00011700       _NET_DVR_ClientGetframeformat_V30@8 10012700 f   InterfaceConfig.obj
 0001:000118d0       _NET_DVR_ClientSetframeformat_V30@8 100128d0 f   InterfaceConfig.obj
 0001:00011a30       _NET_DVR_GetIPCProtoList@8 10012a30 f   InterfaceConfig.obj
 0001:00011c20       _NET_DVR_GetTransparentParam@12 10012c20 f   InterfaceConfig.obj
 0001:00011ca0       _NET_DVR_SetTransparentParam@12 10012ca0 f   InterfaceConfig.obj
 0001:00011da0       _NET_DVR_GetPtzPosition@16 10012da0 f   InterfaceConfig.obj
 0001:00011ec0       _NET_DVR_SetPtzPosition@16 10012ec0 f   InterfaceConfig.obj
 0001:00012010       _NET_DVR_SetPatrolTrack@16 10013010 f   InterfaceConfig.obj
 0001:00012110       _NET_DVR_GetPatrolTrack@16 10013110 f   InterfaceConfig.obj
 0001:00012220       _NET_DVR_SetPositionLimitAngle@16 10013220 f   InterfaceConfig.obj
 0001:000122d0       _NET_DVR_GetPositionLimitAngle@16 100132d0 f   InterfaceConfig.obj
 0001:000123d0       _NET_DVR_SetPatrolLimitAngle@16 100133d0 f   InterfaceConfig.obj
 0001:00012480       _NET_DVR_GetPatrolLimitAngle@16 10013480 f   InterfaceConfig.obj
 0001:00012550       _NET_DVR_GetPositionRule@16 10013550 f   InterfaceConfig.obj
 0001:00012670       _NET_DVR_SetPositionRule@16 10013670 f   InterfaceConfig.obj
 0001:00012760       _NET_DVR_GetVCAVersion@12  10013760 f   InterfaceConfig.obj
 0001:00012830       _NET_DVR_SetSceneMode@12   10013830 f   InterfaceConfig.obj
 0001:000128c0       _NET_DVR_GetSceneMode@12   100138c0 f   InterfaceConfig.obj
 0001:00012990       _NET_DVR_GetDiskList@8     10013990 f   InterfaceConfig.obj
 0001:00012ad0       _NET_DVR_GetSadpInfoList@8 10013ad0 f   InterfaceConfig.obj
 0001:00012c10       _NET_DVR_UpdateSadpInfo@12 10013c10 f   InterfaceConfig.obj
 0001:00012cd0       _NET_DVR_DelRecordLabel@8  10013cd0 f   InterfaceConfig.obj
 0001:00012d80       _NET_DVR_ModifyRecordLabel@8 10013d80 f   InterfaceConfig.obj
 0001:00012e60       _NET_DVR_StartEmailTest@4  10013e60 f   InterfaceEmailTest.obj
 0001:00012f20       _NET_DVR_GetEmailTestProgress@8 10013f20 f   InterfaceEmailTest.obj
 0001:00012fa0       _NET_DVR_StopEmailTest@4   10013fa0 f   InterfaceEmailTest.obj
 0001:00013040       _NET_DVR_FormatDisk@8      10014040 f   InterfaceFormat.obj
 0001:00013100       _NET_DVR_GetFormatProgress@16 10014100 f   InterfaceFormat.obj
 0001:00013180       _NET_DVR_CloseFormatHandle@4 10014180 f   InterfaceFormat.obj
 0001:00013210       _NET_DVR_EncodeG711Frame@12 10014210 f   InterfaceG711Codec.obj
 0001:00013270       _NET_DVR_DecodeG711Frame@12 10014270 f   InterfaceG711Codec.obj
 0001:000132f0       _NET_DVR_InitG722Decoder@4 100142f0 f   InterfaceG722Codec.obj
 0001:00013340       _NET_DVR_ReleaseG722Decoder@4 10014340 f   InterfaceG722Codec.obj
 0001:00013370       _NET_DVR_DecodeG722Frame@12 10014370 f   InterfaceG722Codec.obj
 0001:000133c0       _NET_DVR_InitG722Encoder@0 100143c0 f   InterfaceG722Codec.obj
 0001:00013400       _NET_DVR_ReleaseG722Encoder@4 10014400 f   InterfaceG722Codec.obj
 0001:00013430       _NET_DVR_EncodeG722Frame@12 10014430 f   InterfaceG722Codec.obj
 0001:000134b0       _NET_DVR_Init@0            100144b0 f   InterfaceInitClean.obj
 0001:000134e0       _NET_DVR_Cleanup@0         100144e0 f   InterfaceInitClean.obj
 0001:00013510       _NET_DVR_IsSupport@0       10014510 f   InterfaceInitClean.obj
 0001:00013570       _NET_DVR_GetLastError@0    10014570 f   InterfaceInitClean.obj
 0001:00013590       _NET_DVR_GetErrorMsg@4     10014590 f   InterfaceInitClean.obj
 0001:000135b0       _NET_DVR_GetSDKVersion@0   100145b0 f   InterfaceInitClean.obj
 0001:000135e0       _NET_DVR_GetSDKBuildVersion@0 100145e0 f   InterfaceInitClean.obj
 0001:000135f0       _NET_DVR_SetConnectTime@8  100145f0 f   InterfaceInitClean.obj
 0001:00013640       _NET_DVR_GetLocalIP@12     10014640 f   InterfaceInitClean.obj
 0001:000136f0       _NET_DVR_SetValidIP@8      100146f0 f   InterfaceInitClean.obj
 0001:00013740       _NET_DVR_GetLocalIPv6@12   10014740 f   InterfaceInitClean.obj
 0001:000137f0       _NET_DVR_SetValidIPv6@8    100147f0 f   InterfaceInitClean.obj
 0001:00013840       _NET_DVR_SetReconnect@8    10014840 f   InterfaceInitClean.obj
 0001:00013890       _NET_DVR_LoadAdditionalLib@8 10014890 f   InterfaceInitClean.obj
 0001:000139a0       _NET_DVR_InquestGetCDRWScheme@8 100149a0 f   InterfaceInquestDvr.obj
 0001:00013aa0       _NET_DVR_InquestSetCDRWScheme@8 10014aa0 f   InterfaceInquestDvr.obj
 0001:00013ba0       _NET_DVR_InquestDeleteFile@8 10014ba0 f   InterfaceInquestDvr.obj
 0001:00013c70       _NET_DVR_InquestCDWByFile@8 10014c70 f   InterfaceInquestDvr.obj
 0001:00013d40       _NET_DVR_InquestUploadFile@8 10014d40 f   InterfaceInquestDvr.obj
 0001:00013e20       _NET_DVR_InquestUploadClose@4 10014e20 f   InterfaceInquestDvr.obj
 0001:00013ea0       _NET_DVR_InquestGetUploadState@8 10014ea0 f   InterfaceInquestDvr.obj
 0001:00013f40       _NET_DVR_InquestStartCDW@8 10014f40 f   InterfaceInquestDvr.obj
 0001:00013fc0       _NET_DVR_InquestStopCDW@8  10014fc0 f   InterfaceInquestDvr.obj
 0001:00014040       _NET_DVR_InquestGetCDWState@8 10015040 f   InterfaceInquestDvr.obj
 0001:00014130       _NET_DVR_InquestGetPIPStatus@8 10015130 f   InterfaceInquestDvr.obj
 0001:00014210       _NET_DVR_InquestSetPIPStatus@8 10015210 f   InterfaceInquestDvr.obj
 0001:000142f0       _NET_DVR_InquestCheckSecretKey@8 100152f0 f   InterfaceInquestDvr.obj
 0001:000143a0       _NET_DVR_InquestSetSecretKey@8 100153a0 f   InterfaceInquestDvr.obj
 0001:00014480       _NET_DVR_InquestStreamEncrypt@12 10015480 f   InterfaceInquestDvr.obj
 0001:00014540       _NET_DVR_InquestGetEncryptState@12 10015540 f   InterfaceInquestDvr.obj
 0001:00014650       _NET_DVR_StartListen@8     10015650 f   InterfaceListen.obj
 0001:000146d0       _NET_DVR_StopListen@0      100156d0 f   InterfaceListen.obj
 0001:00014720       _NET_DVR_StartListen_V30@16 10015720 f   InterfaceListen.obj
 0001:000147e0       _NET_DVR_StopListen_V30@4  100157e0 f   InterfaceListen.obj
 0001:00014840       _NET_DVR_StartServer@8     10015840 f   InterfaceListen.obj
 0001:00014900       _NET_DVR_StopServer@4      10015900 f   InterfaceListen.obj
 0001:00014990       _NET_DVR_Login@20          10015990 f   InterfaceLogonoff.obj
 0001:00014a00       _NET_DVR_Login_V30@20      10015a00 f   InterfaceLogonoff.obj
 0001:00014d30       _NET_DVR_Logout@4          10015d30 f   InterfaceLogonoff.obj
 0001:00014db0       _NET_DVR_Logout_V30@4      10015db0 f   InterfaceLogonoff.obj
 0001:00014e90       _NET_DVR_EnableRelogon@8   10015e90 f   InterfaceLogonoff.obj
 0001:00014ed0       _NET_DVR_GetDVRIPByResolveSvr@28 10015ed0 f   InterfaceLogonoff.obj
 0001:00014f10       _NET_DVR_GetDVRIPByResolveSvr_EX@32 10015f10 f   InterfaceLogonoff.obj
 0001:000150f0       _NET_DVR_GetDVRNAMEByResolveSvr@16 100160f0 f   InterfaceLogonoff.obj
 0001:00015250       _NET_DVR_MatrixStartPassiveDecode@12 10016250 f   InterfaceMatrixDecode.obj
 0001:00015320       _NET_DVR_MatrixSendData@12 10016320 f   InterfaceMatrixDecode.obj
 0001:00015360       _NET_DVR_MatrixGetPassiveDecodeStatus@4 10016360 f   InterfaceMatrixDecode.obj
 0001:00015390       _NET_DVR_MatrixStopPassiveDecode@4 10016390 f   InterfaceMatrixDecode.obj
 0001:000153f0       _NET_DVR_MatrixPassiveDecodeControl@12 100163f0 f   InterfaceMatrixDecode.obj
 0001:000154f0       _NET_DVR_StartDecode@12    100164f0 f   InterfaceMatrixDecode.obj
 0001:000155e0       _NET_DVR_StopDecode@8      100165e0 f   InterfaceMatrixDecode.obj
 0001:00015670       _NET_DVR_GetDecoderState@12 10016670 f   InterfaceMatrixDecode.obj
 0001:00015730       _NET_DVR_SetDecInfo@12     10016730 f   InterfaceMatrixDecode.obj
 0001:00015880       _NET_DVR_GetDecInfo@12     10016880 f   InterfaceMatrixDecode.obj
 0001:000159a0       _NET_DVR_SetDecTransPort@8 100169a0 f   InterfaceMatrixDecode.obj
 0001:00015a80       _NET_DVR_GetDecTransPort@8 10016a80 f   InterfaceMatrixDecode.obj
 0001:00015b70       _NET_DVR_DecPlayBackCtrl@24 10016b70 f   InterfaceMatrixDecode.obj
 0001:00015d00       _NET_DVR_StartDecSpecialCon@12 10016d00 f   InterfaceMatrixDecode.obj
 0001:00015e40       _NET_DVR_StopDecSpecialCon@12 10016e40 f   InterfaceMatrixDecode.obj
 0001:00015f80       _NET_DVR_DecCtrlDec@12     10016f80 f   InterfaceMatrixDecode.obj
 0001:00016040       _NET_DVR_DecCtrlScreen@12  10017040 f   InterfaceMatrixDecode.obj
 0001:00016100       _NET_DVR_GetDecCurLinkStatus@12 10017100 f   InterfaceMatrixDecode.obj
 0001:00016220       _NET_DVR_MatrixStopDynamic@8 10017220 f   InterfaceMatrixDecode.obj
 0001:000162b0       _NET_DVR_MatrixSetTranInfo@8 100172b0 f   InterfaceMatrixDecode.obj
 0001:000163b0       _NET_DVR_MatrixGetTranInfo@8 100173b0 f   InterfaceMatrixDecode.obj
 0001:000164b0       _NET_DVR_MatrixGetDecChanStatus@12 100174b0 f   InterfaceMatrixDecode.obj
 0001:000165b0       _NET_DVR_MatrixGetDecChanInfo@12 100175b0 f   InterfaceMatrixDecode.obj
 0001:000166d0       _NET_DVR_MatrixSetLoopDecChanInfo@12 100176d0 f   InterfaceMatrixDecode.obj
 0001:00016930       _NET_DVR_MatrixGetLoopDecChanInfo@12 10017930 f   InterfaceMatrixDecode.obj
 0001:00016b10       _NET_DVR_MatrixSetLoopDecChanEnable@12 10017b10 f   InterfaceMatrixDecode.obj
 0001:00016ba0       _NET_DVR_MatrixGetLoopDecChanEnable@12 10017ba0 f   InterfaceMatrixDecode.obj
 0001:00016c50       _NET_DVR_MatrixGetLoopDecEnable@8 10017c50 f   InterfaceMatrixDecode.obj
 0001:00016cf0       _NET_DVR_MatrixGetVideoStandard@12 10017cf0 f   InterfaceMatrixDecode.obj
 0001:00016da0       _NET_DVR_MatrixSetVideoStandard@12 10017da0 f   InterfaceMatrixDecode.obj
 0001:00016e30       _NET_DVR_MatrixSetDecChanEnable@12 10017e30 f   InterfaceMatrixDecode.obj
 0001:00016ec0       _NET_DVR_MatrixGetDecChanEnable@12 10017ec0 f   InterfaceMatrixDecode.obj
 0001:00016f60       _NET_DVR_MatrixSetRemotePlay@12 10017f60 f   InterfaceMatrixDecode.obj
 0001:000170d0       _NET_DVR_MatrixSetRemotePlayControl@20 100180d0 f   InterfaceMatrixDecode.obj
 0001:00017230       _NET_DVR_MatrixGetRemotePlayStatus@12 10018230 f   InterfaceMatrixDecode.obj
 0001:00017360       _NET_DVR_MatrixStartDynamic@12 10018360 f   InterfaceMatrixDecode.obj
 0001:00017490       _NET_DVR_MatrixStartDynamic_V30@12 10018490 f   InterfaceMatrixDecode.obj
 0001:000176e0       _NET_DVR_MatrixSetLoopDecChanInfo_V30@12 100186e0 f   InterfaceMatrixDecode.obj
 0001:00017ca0       _NET_DVR_MatrixGetLoopDecChanInfo_V30@12 10018ca0 f   InterfaceMatrixDecode.obj
 0001:000180b0       _NET_DVR_MatrixGetDecChanInfo_V30@12 100190b0 f   InterfaceMatrixDecode.obj
 0001:00018340       _NET_DVR_MatrixSetTranInfo_V30@8 10019340 f   InterfaceMatrixDecode.obj
 0001:000184c0       _NET_DVR_MatrixGetTranInfo_V30@8 100194c0 f   InterfaceMatrixDecode.obj
 0001:00018650       _NET_DVR_MatrixGetDisplayCfg@12 10019650 f   InterfaceMatrixDecode.obj
 0001:000187b0       _NET_DVR_MatrixSetDisplayCfg@12 100197b0 f   InterfaceMatrixDecode.obj
 0001:00018930       _NET_DVR_MatrixDiaplayControl@16 10019930 f   InterfaceMatrixDecode.obj
 0001:000189e0       _NET_DVR_UploadLogo@16     100199e0 f   InterfaceMatrixDecode.obj
 0001:00018d90       _NET_DVR_LogoSwitch@12     10019d90 f   InterfaceMatrixDecode.obj
 0001:00018e40       _NET_DVR_MatrixGetDeviceStatus@8 10019e40 f   InterfaceMatrixDecode.obj
 0001:00019190       _NET_DVR_MatrixGetDecChanCfg@12 1001a190 f   InterfaceMatrixDecode.obj
 0001:000192b0       _NET_DVR_MatrixSetDecChanCfg@12 1001a2b0 f   InterfaceMatrixDecode.obj
 0001:000193d0       _NET_DVR_MatrixGetSubSystemInfo@8 1001a3d0 f   InterfaceMatrixDecode.obj
 0001:000196e0       _NET_DVR_MatrixSetSubSystemInfo@8 1001a6e0 f   InterfaceMatrixDecode.obj
 0001:00019a80       _NET_DVR_MatrixSetLoopPlanArray@12 1001aa80 f   InterfaceMatrixDecode.obj
 0001:00019e10       _NET_DVR_MatrixGetLoopPlanArray@12 1001ae10 f   InterfaceMatrixDecode.obj
 0001:0001a110       _NET_DVR_MatrixSetAlarmShowMode@8 1001b110 f   InterfaceMatrixDecode.obj
 0001:0001a240       _NET_DVR_MatrixGetAlarmShowMode@8 1001b240 f   InterfaceMatrixDecode.obj
 0001:0001a340       _NET_DVR_MatrixSetCodeSplitter@12 1001b340 f   InterfaceMatrixDecode.obj
 0001:0001a590       _NET_DVR_MatrixGetCodeSplitter@12 1001b590 f   InterfaceMatrixDecode.obj
 0001:0001a780       _NET_DVR_MatrixStartDynamicAssociateDecode@12 1001b780 f   InterfaceMatrixDecode.obj
 0001:0001ab10       _NET_DVR_MatrixAlarmShowControl@12 1001bb10 f   InterfaceMatrixDecode.obj
 0001:0001abc0       _NET_DVR_MatrixAlarmTurn@12 1001bbc0 f   InterfaceMatrixDecode.obj
 0001:0001ac70       _NET_DVR_MatrixSetPlanDecode@12 1001bc70 f   InterfaceMatrixDecode.obj
 0001:0001b020       _NET_DVR_MatrixGetPlanDecode@12 1001c020 f   InterfaceMatrixDecode.obj
 0001:0001b350       _NET_DVR_GetPTZProtocol_Ex@12 1001c350 f   InterfaceMatrixDecode.obj
 0001:0001b490       _NET_DVR_MatrixGetSubDecSystemJoinInfo@8 1001c490 f   InterfaceMatrixDecode.obj
 0001:0001b5c0       _NET_DVR_SetCodeSplitterAssociate@16 1001c5c0 f   InterfaceMatrixDecode.obj
 0001:0001b820       _NET_DVR_GetCodeSplitterAssociate@16 1001c820 f   InterfaceMatrixDecode.obj
 0001:0001ba30       _NET_DVR_MatrixSetConfigFile@16 1001ca30 f   InterfaceMatrixDecode.obj
 0001:0001bb60       _NET_DVR_MatrixGetConfigFile@20 1001cb60 f   InterfaceMatrixDecode.obj
 0001:0001bc80       _NET_DVR_MatrixPicAdjust@16 1001cc80 f   InterfaceMatrixDecode.obj
 0001:0001bd40       _NET_DVR_AlarmJoinedRecord@20 1001cd40 f   InterfaceMatrixDecode.obj
 0001:0001be20       _NET_DVR_GetUnitedMatrixInfo@8 1001ce20 f   InterfaceMatrixDecode.obj
 0001:0001bfd0       _NET_DVR_MatrixStartSwitch@8 1001cfd0 f   InterfaceMatrixDecode.obj
 0001:0001c110       _NET_DVR_GetMonitorListInfo@16 1001d110 f   InterfaceMatrixDecode.obj
 0001:0001c460       _NET_DVR_GetCameraListInfo@16 1001d460 f   InterfaceMatrixDecode.obj
 0001:0001c720       _NET_DVR_GetGlobalNum@12   1001d720 f   InterfaceMatrixDecode.obj
 0001:0001c7f0       _NET_DVR_MatrixGetUnitedMatrixInfo@8 1001d7f0 f   InterfaceMatrixDecode.obj
 0001:0001cb00       _NET_DVR_MatrixSetUnitedMatrixInfo@8 1001db00 f   InterfaceMatrixDecode.obj
 0001:0001cec0       _NET_DVR_MatrixGetGatewayInfo@8 1001dec0 f   InterfaceMatrixDecode.obj
 0001:0001d070       _NET_DVR_MatrixSetGatewayInfo@8 1001e070 f   InterfaceMatrixDecode.obj
 0001:0001d240       _NET_DVR_MatrixSpanSwitch@12 1001e240 f   InterfaceMatrixDecode.obj
 0001:0001d330       _NET_DVR_MatrixGetSubSystemInfo_V40@8 1001e330 f   InterfaceMatrixDecode.obj
 0001:0001d500       _NET_DVR_MatrixSetSubSystemInfo_V40@8 1001e500 f   InterfaceMatrixDecode.obj
 0001:0001d6f0       _NET_DVR_MatrixGetSubDecSystemJoinInfo_V40@8 1001e6f0 f   InterfaceMatrixDecode.obj
 0001:0001d8d0       _NET_DVR_MatrixGetEncodeJoint@12 1001e8d0 f   InterfaceMatrixDecode.obj
 0001:0001d980       _NET_DVR_MatrixGetDisplayCfg_V40@12 1001e980 f   InterfaceMatrixDecode.obj
 0001:0001db70       _NET_DVR_MatrixSetDisplayCfg_V40@12 1001eb70 f   InterfaceMatrixDecode.obj
 0001:0001dd90       _NET_DVR_SetDVRMessage@8   1001ed90 f   InterfaceMessCallBack.obj
 0001:0001dde0       _NET_DVR_SetExceptionCallBack_V30@16 1001ede0 f   InterfaceMessCallBack.obj
 0001:0001de40       _NET_DVR_SetDVRMessCallBack@4 1001ee40 f   InterfaceMessCallBack.obj
 0001:0001de90       _NET_DVR_SetDVRMessCallBack_EX@4 1001ee90 f   InterfaceMessCallBack.obj
 0001:0001dee0       _NET_DVR_SetDVRMessCallBack_NEW@4 1001eee0 f   InterfaceMessCallBack.obj
 0001:0001df30       _NET_DVR_SetDVRMessageCallBack@8 1001ef30 f   InterfaceMessCallBack.obj
 0001:0001df80       _NET_DVR_SetDVRMessageCallBack_V30@8 1001ef80 f   InterfaceMessCallBack.obj
 0001:0001dfd0       _NET_DVR_SetRegisterCallBack@8 1001efd0 f   InterfaceMessCallBack.obj
 0001:0001e020       _NET_DVR_SetPreviewResponseCallBack@8 1001f020 f   InterfaceMessCallBack.obj
 0001:0001e070       _NET_DVR_SetPlaybackResponseCallBack@8 1001f070 f   InterfaceMessCallBack.obj
 0001:0001e0c0       _NET_DVR_SetVoiceResponseCallBack@8 1001f0c0 f   InterfaceMessCallBack.obj
 0001:0001e110       _NET_DVR_SetAlarmSetupResponseCallBack@8 1001f110 f   InterfaceMessCallBack.obj
 0001:0001e190       _NET_DVR_AlarmHostSetupAlarmChan@8 1001f190 f   InterfaceNetAlarmHost.obj
 0001:0001e1b0       _NET_DVR_AlarmHostCloseAlarmChan@8 1001f1b0 f   InterfaceNetAlarmHost.obj
 0001:0001e1d0       _NET_DVR_BypassAlarmChan@8 1001f1d0 f   InterfaceNetAlarmHost.obj
 0001:0001e1f0       _NET_DVR_UnBypassAlarmChan@8 1001f1f0 f   InterfaceNetAlarmHost.obj
 0001:0001e210       _NET_DVR_AlarmHostAssistantControl@16 1001f210 f   InterfaceNetAlarmHost.obj
 0001:0001e300       ?INTER_ALARMIN_OPERATE@@YAHHIPAUtagNET_DVR_ALARMIN_SETUP@@@Z 1001f300 f   InterfaceNetAlarmHost.obj
 0001:0001e390       _NET_DVR_SetAirCondition@12 1001f390 f   InterfaceNetAlarmHost.obj
 0001:0001e440       _NET_DVR_GetDeviceTypeList@8 1001f440 f   InterfaceNetAlarmHost.obj
 0001:0001e540       _NET_DVR_GetDeviceProtoList@12 1001f540 f   InterfaceNetAlarmHost.obj
 0001:0001e660       _NET_DVR_GetBatteryVoltage@8 1001f660 f   InterfaceNetAlarmHost.obj
 0001:0001e710       _NET_DVR_SetAlarmDeviceUser@12 1001f710 f   InterfaceNetAlarmHost.obj
 0001:0001e7d0       _NET_DVR_GetAlarmDeviceUser@12 1001f7d0 f   InterfaceNetAlarmHost.obj
 0001:0001e8b0       _NET_DVR_SetKeyboardUser@12 1001f8b0 f   InterfaceNetAlarmHost.obj
 0001:0001e970       _NET_DVR_GetKeyboardUser@12 1001f970 f   InterfaceNetAlarmHost.obj
 0001:0001ea50       _NET_DVR_SetOperateUser@12 1001fa50 f   InterfaceNetAlarmHost.obj
 0001:0001eb10       _NET_DVR_GetOperateUser@12 1001fb10 f   InterfaceNetAlarmHost.obj
 0001:0001ebf0       _NET_DVR_SetAlarmHostOut@12 1001fbf0 f   InterfaceNetAlarmHost.obj
 0001:0001ec80       _NET_DVR_MatrixAlarmOffMonitor@12 1001fc80 f   InterfaceNetAlarmHost.obj
 0001:0001ed10       _NET_DVR_ControlGateway@12 1001fd10 f   InterfaceNetAlarmHost.obj
 0001:0001edd0       ?ProcSelectMode@@YAHHPAUtagNET_DVR_ALARMHOST_SEARCH_LOG_PARAM@@@Z 1001fdd0 f   InterfaceNetSearch.obj
 0001:0001ee80       _NET_DVR_FindFile@20       1001fe80 f   InterfaceNetSearch.obj
 0001:0001f020       _NET_DVR_FindNextFile@8    10020020 f   InterfaceNetSearch.obj
 0001:0001f0c0       _NET_DVR_FindClose@4       100200c0 f   InterfaceNetSearch.obj
 0001:0001f0d0       _NET_DVR_FindNextFile_V30@8 100200d0 f   InterfaceNetSearch.obj
 0001:0001f230       _NET_DVR_FindFile_V30@8    10020230 f   InterfaceNetSearch.obj
 0001:0001f3f0       _NET_DVR_FindClose_V30@4   100203f0 f   InterfaceNetSearch.obj
 0001:0001f470       _NET_DVR_FindNextFile_Card@8 10020470 f   InterfaceNetSearch.obj
 0001:0001f510       _NET_DVR_FindFileByCard@28 10020510 f   InterfaceNetSearch.obj
 0001:0001f6e0       _NET_DVR_FindFileByEvent@8 100206e0 f   InterfaceNetSearch.obj
 0001:0001f850       _NET_DVR_FindNextEvent@8   10020850 f   InterfaceNetSearch.obj
 0001:0001f8f0       _NET_DVR_GetPicture@12     100208f0 f   InterfaceNetSearch.obj
 0001:0001fa10       _NET_DVR_GetPicture_V30@20 10020a10 f   InterfaceNetSearch.obj
 0001:0001fb60       _NET_DVR_CloseFindPicture@4 10020b60 f   InterfaceNetSearch.obj
 0001:0001fb70       _NET_DVR_FindDVRLog@24     10020b70 f   InterfaceNetSearch.obj
 0001:0001fe60       _NET_DVR_FindNextLog@8     10020e60 f   InterfaceNetSearch.obj
 0001:0001ff00       _NET_DVR_FindLogClose@4    10020f00 f   InterfaceNetSearch.obj
 0001:0001ff10       _NET_DVR_FindDVRLog_V30@28 10020f10 f   InterfaceNetSearch.obj
 0001:00020230       _NET_DVR_FindNextLog_V30@8 10021230 f   InterfaceNetSearch.obj
 0001:000202e0       _NET_DVR_FindDVRLog_Matrix@28 100212e0 f   InterfaceNetSearch.obj
 0001:000205d0       _NET_DVR_FindNextLog_MATRIX@8 100215d0 f   InterfaceNetSearch.obj
 0001:00020670       _NET_DVR_FindLogClose_V30@4 10021670 f   InterfaceNetSearch.obj
 0001:000206f0       _NET_DVR_FindPDCInfo@16    100216f0 f   InterfaceNetSearch.obj
 0001:00020720       _NET_DVR_FindNextPDCInfo@8 10021720 f   InterfaceNetSearch.obj
 0001:000207b0       _NET_DVR_FindPDCClose@4    100217b0 f   InterfaceNetSearch.obj
 0001:000207c0       _NET_DVR_SmartSearch@8     100217c0 f   InterfaceNetSearch.obj
 0001:000208f0       _NET_DVR_SearchNextInfo@8  100218f0 f   InterfaceNetSearch.obj
 0001:00020980       _NET_DVR_StopSearch@4      10021980 f   InterfaceNetSearch.obj
 0001:00020990       _NET_DVR_InquestFindFile@4 10021990 f   InterfaceNetSearch.obj
 0001:00020ac0       _NET_DVR_InquestFindNextFile@8 10021ac0 f   InterfaceNetSearch.obj
 0001:00020b60       _NET_DVR_InquestFindClose@4 10021b60 f   InterfaceNetSearch.obj
 0001:00020b70       _NET_DVR_FindIpSanDirectory@8 10021b70 f   InterfaceNetSearch.obj
 0001:00020c90       _NET_DVR_FindNextDirectory@8 10021c90 f   InterfaceNetSearch.obj
 0001:00020d20       _NET_DVR_FindDirectoryClose@4 10021d20 f   InterfaceNetSearch.obj
 0001:00020d30       _NET_DVR_FindAlarmHostLog@12 10021d30 f   InterfaceNetSearch.obj
 0001:00020e60       _NET_DVR_FindNextAlarmHostLog@8 10021e60 f   InterfaceNetSearch.obj
 0001:00020ed0       _NET_DVR_FindAlarmHostLogClose@4 10021ed0 f   InterfaceNetSearch.obj
 0001:00020ee0       _NET_DVR_FindRecordLabel@8 10021ee0 f   InterfaceNetSearch.obj
 0001:00021000       _NET_DVR_FindNextLabel@8   10022000 f   InterfaceNetSearch.obj
 0001:00021080       _NET_DVR_StopFindLabel@4   10022080 f   InterfaceNetSearch.obj
 0001:00021090       _NET_DVR_FindPicture@8     10022090 f   InterfaceNetSearch.obj
 0001:000211c0       _NET_DVR_FindNextPicture@8 100221c0 f   InterfaceNetSearch.obj
 0001:00021290       _NET_DVR_PlayBackByName@12 10022290 f   InterfaceNetVOD.obj
 0001:000213b0       _NET_DVR_PlayBackByTime@20 100223b0 f   InterfaceNetVOD.obj
 0001:00021500       _NET_DVR_PlayBackControl@16 10022500 f   InterfaceNetVOD.obj
 0001:00021530       _NET_DVR_StopPlayBack@4    10022530 f   InterfaceNetVOD.obj
 0001:00021590       _NET_DVR_SetPlayDataCallBack@12 10022590 f   InterfaceNetVOD.obj
 0001:000215f0       _NET_DVR_PlayBackSaveData@8 100225f0 f   InterfaceNetVOD.obj
 0001:00021640       _NET_DVR_StopPlayBackSave@4 10022640 f   InterfaceNetVOD.obj
 0001:00021690       _NET_DVR_GetPlayBackOsdTime@8 10022690 f   InterfaceNetVOD.obj
 0001:000216e0       _NET_DVR_PlayBackCaptureFile@8 100226e0 f   InterfaceNetVOD.obj
 0001:00021730       _NET_DVR_GetFileByName@12  10022730 f   InterfaceNetVOD.obj
 0001:000218c0       _NET_DVR_GetFileByTime@20  100228c0 f   InterfaceNetVOD.obj
 0001:00021a70       _NET_DVR_StopGetFile@4     10022a70 f   InterfaceNetVOD.obj
 0001:00021af0       _NET_DVR_GetDownloadPos@4  10022af0 f   InterfaceNetVOD.obj
 0001:00021b50       _NET_DVR_GetPlayBackPos@4  10022b50 f   InterfaceNetVOD.obj
 0001:00021b60       _NET_DVR_PlayBackByTime_NEW@28 10022b60 f   InterfaceNetVOD.obj
 0001:00021cc0       _NET_DVR_RefreshPlay@4     10022cc0 f   InterfaceNetVOD.obj
 0001:00021d10       _NET_DVR_LockFileByName@8  10022d10 f   InterfaceNetVOD.obj
 0001:00021d90       _NET_DVR_UnlockFileByName@8 10022d90 f   InterfaceNetVOD.obj
 0001:00021e10       _NET_DVR_LockFileByTime@16 10022e10 f   InterfaceNetVOD.obj
 0001:00021f70       _NET_DVR_UnlockFileByTime@16 10022f70 f   InterfaceNetVOD.obj
 0001:000220d0       _NET_DVR_GetPlayBackPlayerIndex@4 100230d0 f   InterfaceNetVOD.obj
 0001:00022130       _NET_DVR_RigisterPlayBackDrawFun@12 10023130 f   InterfaceNetVOD.obj
 0001:00022190       _NET_DVR_CapturePlaybackPictureBlock@12 10023190 f   InterfaceNetVOD.obj
 0001:000221f0       _NET_DVR_PlayBackControl_V40@24 100231f0 f   InterfaceNetVOD.obj
 0001:00022630       _NET_DVR_InsertRecordLabel@12 10023630 f   InterfaceNetVOD.obj
 0001:000226b0       _NET_DVR_StartNetworkFlowTest@16 100236b0 f   InterfaceNetworkFlow.obj
 0001:000227b0       _NET_DVR_StopNetworkFlowTest@4 100237b0 f   InterfaceNetworkFlow.obj
 0001:00022840       _NET_DVR_ClientSetVideoEffect@20 10023840 f   InterfacePreview.obj
 0001:000228a0       _NET_DVR_ClientGetVideoEffect@20 100238a0 f   InterfacePreview.obj
 0001:00022930       _NET_DVR_SetVideoEffect@24 10023930 f   InterfacePreview.obj
 0001:00022aa0       _NET_DVR_GetVideoEffect@24 10023aa0 f   InterfacePreview.obj
 0001:00022c20       _NET_DVR_RealPlay@8        10023c20 f   InterfacePreview.obj
 0001:00022c40       ?StartRealPlayInternal@@YAHHPBUNET_DVR_CLIENTINFO@@P6GXHIPAEIPAX@Z2HI@Z 10023c40 f   InterfacePreview.obj
 0001:00022e00       _NET_DVR_ZeroStartPlay@20  10023e00 f   InterfacePreview.obj
 0001:00022e30       _NET_DVR_RealPlay_V30@20   10023e30 f   InterfacePreview.obj
 0001:00022e60       _NET_DVR_ZeroStopPlay@4    10023e60 f   InterfacePreview.obj
 0001:00022e70       _NET_DVR_StopRealPlay@4    10023e70 f   InterfacePreview.obj
 0001:00022ed0       _NET_DVR_SetRealDataCallBack@12 10023ed0 f   InterfacePreview.obj
 0001:00022f30       _NET_DVR_MakeKeyFrame@8    10023f30 f   InterfacePreview.obj
 0001:00022fa0       _NET_DVR_MakeKeyFrameSub@8 10023fa0 f   InterfacePreview.obj
 0001:00023010       _NET_DVR_GetRealPlayOsdTime@8 10024010 f   InterfacePreview.obj
 0001:00023060       _NET_DVR_SaveRealData@8    10024060 f   InterfacePreview.obj
 0001:00023080       _NET_DVR_SaveRealData_V30@12 10024080 f   InterfacePreview.obj
 0001:000230e0       _NET_DVR_StopSaveRealData@4 100240e0 f   InterfacePreview.obj
 0001:00023130       _NET_DVR_SetShowMode@8     10024130 f   InterfacePreview.obj
 0001:000231a0       _NET_DVR_RealPlayPause@4   100241a0 f   InterfacePreview.obj
 0001:000231f0       _NET_DVR_RealPlayRestart@8 100241f0 f   InterfacePreview.obj
 0001:00023260       _NET_DVR_RigisterDrawFun@12 10024260 f   InterfacePreview.obj
 0001:000232c0       _NET_DVR_SetPlayerBufNumber@8 100242c0 f   InterfacePreview.obj
 0001:00023310       _NET_DVR_ThrowBFrame@8     10024310 f   InterfacePreview.obj
 0001:00023360       _NET_DVR_SetAudioMode@4    10024360 f   InterfacePreview.obj
 0001:000233d0       _NET_DVR_OpenSound@4       100243d0 f   InterfacePreview.obj
 0001:00023420       _NET_DVR_CloseSound@0      10024420 f   InterfacePreview.obj
 0001:00023480       _NET_DVR_OpenSoundShare@4  10024480 f   InterfacePreview.obj
 0001:000234d0       _NET_DVR_CloseSoundShare@4 100244d0 f   InterfacePreview.obj
 0001:00023520       _NET_DVR_Volume@8          10024520 f   InterfacePreview.obj
 0001:00023570       _NET_DVR_SetStandardDataCallBack@12 10024570 f   InterfacePreview.obj
 0001:000235d0       _NET_DVR_CapturePicture@8  100245d0 f   InterfacePreview.obj
 0001:00023620       _NET_DVR_SetCapturePictureMode@4 10024620 f   InterfacePreview.obj
 0001:00023690       _NET_DVR_GetRealPlayerIndex@4 10024690 f   InterfacePreview.obj
 0001:000236f0       _NET_DVR_InitDevice_Card@4 100246f0 f   InterfacePreview.obj
 0001:00023740       _NET_DVR_ReleaseDevice_Card@0 10024740 f   InterfacePreview.obj
 0001:00023780       _NET_DVR_InitDDraw_Card@8  10024780 f   InterfacePreview.obj
 0001:000237d0       _NET_DVR_ReleaseDDraw_Card@0 100247d0 f   InterfacePreview.obj
 0001:00023810       _NET_DVR_RealPlay_Card@12  10024810 f   InterfacePreview.obj
 0001:00023830       _NET_DVR_RealPlay_Card_V30@28 10024830 f   InterfacePreview.obj
 0001:00023a20       _NET_DVR_ResetPara_Card@8  10024a20 f   InterfacePreview.obj
 0001:00023a70       _NET_DVR_RefreshSurface_Card@0 10024a70 f   InterfacePreview.obj
 0001:00023ab0       _NET_DVR_ClearSurface_Card@0 10024ab0 f   InterfacePreview.obj
 0001:00023af0       _NET_DVR_RestoreSurface_Card@0 10024af0 f   InterfacePreview.obj
 0001:00023b30       _NET_DVR_OpenSound_Card@4  10024b30 f   InterfacePreview.obj
 0001:00023b80       _NET_DVR_CloseSound_Card@4 10024b80 f   InterfacePreview.obj
 0001:00023bd0       _NET_DVR_SetVolume_Card@8  10024bd0 f   InterfacePreview.obj
 0001:00023c20       _NET_DVR_AudioPreview_Card@8 10024c20 f   InterfacePreview.obj
 0001:00023c70       _NET_DVR_GetCardLastError_Card@0 10024c70 f   InterfacePreview.obj
 0001:00023c90       _NET_DVR_GetChanHandle_Card@4 10024c90 f   InterfacePreview.obj
 0001:00023cf0       _NET_DVR_CapturePicture_Card@8 10024cf0 f   InterfacePreview.obj
 0001:00023d40       _NET_DVR_SetDspErrMsg_Card@8 10024d40 f   InterfacePreview.obj
 0001:00023d90       _NET_DVR_ResetDSP_Card@4   10024d90 f   InterfacePreview.obj
 0001:00023de0       _NET_DVR_GetSerialNum_Card@8 10024de0 f   InterfacePreview.obj
 0001:00023e30       _NET_DVR_InitDDrawDevice@0 10024e30 f   InterfacePreview.obj
 0001:00023e70       _NET_DVR_ReleaseDDrawDevice@0 10024e70 f   InterfacePreview.obj
 0001:00023eb0       _NET_DVR_GetDDrawDeviceTotalNums@0 10024eb0 f   InterfacePreview.obj
 0001:00023f00       _NET_DVR_SetDDrawDevice@8  10024f00 f   InterfacePreview.obj
 0001:00023f50       _NET_DVR_CapturePictureBlock@12 10024f50 f   InterfacePreview.obj
 0001:00023fb0       _NET_DVR_ZeroMakeKeyFrame@8 10024fb0 f   InterfacePreview.obj
 0001:00024020       _NET_DVR_ZeroTurnOver@12   10025020 f   InterfacePreview.obj
 0001:00024100       _NET_DVR_GetPTZProtocol@8  10025100 f   InterfacePtz.obj
 0001:000242d0       _NET_DVR_GetPTZCtrl@4      100252d0 f   InterfacePtz.obj
 0001:00024340       _NET_DVR_GetPTZCtrl_Other@8 10025340 f   InterfacePtz.obj
 0001:000243c0       _NET_DVR_PTZControl@12     100253c0 f   InterfacePtz.obj
 0001:00024430       _NET_DVR_PTZControl_Other@16 10025430 f   InterfacePtz.obj
 0001:000244e0       _NET_DVR_TransPTZ@12       100254e0 f   InterfacePtz.obj
 0001:00024550       _NET_DVR_TransPTZ_Other@16 10025550 f   InterfacePtz.obj
 0001:00024640       _NET_DVR_PTZPreset@12      10025640 f   InterfacePtz.obj
 0001:000246b0       _NET_DVR_PTZPreset_Other@16 100256b0 f   InterfacePtz.obj
 0001:00024760       _NET_DVR_PTZCruise@20      10025760 f   InterfacePtz.obj
 0001:000247e0       _NET_DVR_PTZCruise_Other@24 100257e0 f   InterfacePtz.obj
 0001:000248d0       _NET_DVR_PTZTrack@8        100258d0 f   InterfacePtz.obj
 0001:00024940       _NET_DVR_PTZTrack_Other@12 10025940 f   InterfacePtz.obj
 0001:000249e0       _NET_DVR_PTZControlWithSpeed@16 100259e0 f   InterfacePtz.obj
 0001:00024a60       _NET_DVR_PTZControlWithSpeed_Other@20 10025a60 f   InterfacePtz.obj
 0001:00024b20       _NET_DVR_GetPTZCruise@16   10025b20 f   InterfacePtz.obj
 0001:00024bc0       _NET_DVR_PTZSelZoomIn@8    10025bc0 f   InterfacePtz.obj
 0001:00024c30       _NET_DVR_TransPTZ_EX@12    10025c30 f   InterfacePtz.obj
 0001:00024d40       _NET_DVR_PTZControl_EX@12  10025d40 f   InterfacePtz.obj
 0001:00024e20       _NET_DVR_PTZPreset_EX@12   10025e20 f   InterfacePtz.obj
 0001:00024ee0       _NET_DVR_PTZCruise_EX@20   10025ee0 f   InterfacePtz.obj
 0001:00025020       _NET_DVR_PTZTrack_EX@8     10026020 f   InterfacePtz.obj
 0001:000250d0       _NET_DVR_PTZControlWithSpeed_EX@16 100260d0 f   InterfacePtz.obj
 0001:000251a0       _NET_DVR_PTZSelZoomIn_EX@12 100261a0 f   InterfacePtz.obj
 0001:000252e0       _NET_DVR_GetArraySpaceAlloc@12 100262e0 f   InterfaceRaid.obj
 0001:00025420       _NET_DVR_DelArray@8        10026420 f   InterfaceRaid.obj
 0001:00025490       ?OperateArray@@YAHHIPAUtagNET_DVR_OPERATE_ARRAY_PARAM@@@Z 10026490 f   InterfaceRaid.obj
 0001:00025540       _NET_DVR_CreateArray@8     10026540 f   InterfaceRaid.obj
 0001:00025560       _NET_DVR_MigrateArray@8    10026560 f   InterfaceRaid.obj
 0001:00025580       _NET_DVR_RebuildArray@8    10026580 f   InterfaceRaid.obj
 0001:000255a0       _NET_DVR_CalcArraySize@12  100265a0 f   InterfaceRaid.obj
 0001:00025690       _NET_DVR_CreateVD@8        10026690 f   InterfaceRaid.obj
 0001:00025720       _NET_DVR_DelVD@8           10026720 f   InterfaceRaid.obj
 0001:00025780       _NET_DVR_RepairVD@8        10026780 f   InterfaceRaid.obj
 0001:000257e0       _NET_DVR_SetSpareDisk@8    100267e0 f   InterfaceRaid.obj
 0001:00025870       _NET_DVR_GetPDList@8       10026870 f   InterfaceRaid.obj
 0001:000259e0       _NET_DVR_GetArrayList@8    100269e0 f   InterfaceRaid.obj
 0001:00025b40       _NET_DVR_GetVDList@8       10026b40 f   InterfaceRaid.obj
 0001:00025ca0       _NET_DVR_ExpandDisk@8      10026ca0 f   InterfaceRaid.obj
 0001:00025d80       _NET_DVR_GetExpandProgress@8 10026d80 f   InterfaceRaid.obj
 0001:00025df0       _NET_DVR_CloseExpandHandle@4 10026df0 f   InterfaceRaid.obj
 0001:00025e60       _NET_DVR_RaidFastConfig@8  10026e60 f   InterfaceRaid.obj
 0001:00025f50       _NET_DVR_FastConfigProcess@8 10026f50 f   InterfaceRaid.obj
 0001:00025fc0       _NET_DVR_CloseFastConfig@4 10026fc0 f   InterfaceRaid.obj
 0001:00026060       _NET_DVR_GetSDKState@4     10027060 f   InterfaceSDKInfoLog.obj
 0001:000261d0       _NET_DVR_GetSDKAbility@4   100271d0 f   InterfaceSDKInfoLog.obj
 0001:00026250       _NET_DVR_SetLogPrint@4     10027250 f   InterfaceSDKInfoLog.obj
 0001:000262b0       _NET_DVR_SetLogToFile@12   100272b0 f   InterfaceSDKInfoLog.obj
 0001:00026330       _NET_DVR_SetLogPrintAction@20 10027330 f   InterfaceSDKInfoLog.obj
 0001:000263c0       _NET_DVR_SetRecvTimeOut@4  100273c0 f   InterfaceSDKInfoLog.obj
 0001:00026440       _NET_DVR_SerialStart@16    10027440 f   InterfaceSerial.obj
 0001:00026510       _NET_DVR_SerialSend@16     10027510 f   InterfaceSerial.obj
 0001:00026570       _NET_DVR_SerialStop@4      10027570 f   InterfaceSerial.obj
 0001:000265d0       _NET_DVR_SendTo232Port@12  100275d0 f   InterfaceSerial.obj
 0001:000266c0       _NET_DVR_SendToSerialPort@20 100276c0 f   InterfaceSerial.obj
 0001:000267d0       _NET_DVR_AlarmHostSerialStart@16 100277d0 f   InterfaceSerial.obj
 0001:000268a0       _NET_DVR_AlarmHostSerialSend@16 100278a0 f   InterfaceSerial.obj
 0001:00026900       _NET_DVR_AlarmHostSerialStop@4 10027900 f   InterfaceSerial.obj
 0001:00026940       _NET_DVR_AlgoDebugStart@16 10027940 f   InterfaceTest.obj
 0001:00026a10       _NET_DVR_AlgoDebugSend@16  10027a10 f   InterfaceTest.obj
 0001:00026a70       _NET_DVR_AlgoDebugStop@4   10027a70 f   InterfaceTest.obj
 0001:00026b00       _NET_DVR_PreviewRequest@12 10027b00 f   InterfaceThreeGeneration.obj
 0001:00026c20       _NET_DVR_PlaybackRequest@8 10027c20 f   InterfaceThreeGeneration.obj
 0001:00026e80       _NET_DVR_VoiceRequest@8    10027e80 f   InterfaceThreeGeneration.obj
 0001:00026fe0       _NET_DVR_AlarmSetupRequest@8 10027fe0 f   InterfaceThreeGeneration.obj
 0001:00027130       ?DialParamConvert@@YAHPAUtagNET_DVR_DIALPARAM@@PAU_INTER_DIALPARAM@@H@Z 10028130 f   InterfaceThreeGeneration.obj
 0001:000273e0       _NET_DVR_GetDialParam@12   100283e0 f   InterfaceThreeGeneration.obj
 0001:00027500       _NET_DVR_SetDialParam@12   10028500 f   InterfaceThreeGeneration.obj
 0001:00027640       _NET_DVR_GetSmsListInfo@16 10028640 f   InterfaceThreeGeneration.obj
 0001:000278e0       _NET_DVR_GetSmsContent@12  100288e0 f   InterfaceThreeGeneration.obj
 0001:00027990       _NET_DVR_SendSms@8         10028990 f   InterfaceThreeGeneration.obj
 0001:00027a10       _NET_DVR_SetHeartbeatParam@8 10028a10 f   InterfaceThreeGeneration.obj
 0001:00027aa0       _NET_DVR_CaptureJPEGPicture@16 10028aa0 f   InterfaceTools.obj
 0001:00027c00       _NET_DVR_CaptureJPEGPicture_NEW@24 10028c00 f   InterfaceTools.obj
 0001:00027ce0       _NET_DVR_RebootDVR@4       10028ce0 f   InterfaceTools.obj
 0001:00027d40       _NET_DVR_ShutDownDVR@4     10028d40 f   InterfaceTools.obj
 0001:00027da0       _NET_DVR_ClickKey@8        10028da0 f   InterfaceTools.obj
 0001:00027e20       _NET_DVR_LockPanel@4       10028e20 f   InterfaceTools.obj
 0001:00027e80       _NET_DVR_UnLockPanel@4     10028e80 f   InterfaceTools.obj
 0001:00027ee0       _NET_DVR_StartDVRRecord@12 10028ee0 f   InterfaceTools.obj
 0001:00027f70       _NET_DVR_StopDVRRecord@8   10028f70 f   InterfaceTools.obj
 0001:00027ff0       _NET_DVR_GetDVRWorkState_V30@8 10028ff0 f   InterfaceTools.obj
 0001:00028250       _NET_DVR_GetDVRWorkState@8 10029250 f   InterfaceTools.obj
 0001:000283d0       _NET_DVR_GetVcaDevWorkState@8 100293d0 f   InterfaceTools.obj
 0001:000284b0       _NET_DVR_RestoreConfig@4   100294b0 f   InterfaceTools.obj
 0001:00028510       _NET_DVR_SaveConfig@4      10029510 f   InterfaceTools.obj
 0001:00028570       _NET_DVR_GetConfigFile@8   10029570 f   InterfaceTools.obj
 0001:00028690       _NET_DVR_SetConfigFile@8   10029690 f   InterfaceTools.obj
 0001:000287a0       _NET_DVR_GetConfigFile_V30@16 100297a0 f   InterfaceTools.obj
 0001:00028860       _NET_DVR_GetConfigFile_EX@12 10029860 f   InterfaceTools.obj
 0001:000288e0       _NET_DVR_SetConfigFile_EX@12 100298e0 f   InterfaceTools.obj
 0001:00028950       _NET_DVR_GetAlarmOut_V30@8 10029950 f   InterfaceTools.obj
 0001:00028aa0       _NET_DVR_GetAlarmOut@8     10029aa0 f   InterfaceTools.obj
 0001:00028b40       _NET_DVR_SetAlarmOut@12    10029b40 f   InterfaceTools.obj
 0001:00028be0       _NET_DVR_TestDVRAlive@4    10029be0 f   InterfaceTools.obj
 0001:00028c40       _NET_DVR_GetBMPByTime@16   10029c40 f   InterfaceTools.obj
 0001:00028ca0       _NET_DVR_StartPanelKey@4   10029ca0 f   InterfaceTools.obj
 0001:00028d00       _NET_DVR_StopPanelKey@4    10029d00 f   InterfaceTools.obj
 0001:00028d60       _NET_DVR_DoorBellControl@4 10029d60 f   InterfaceTools.obj
 0001:00028dc0       _NET_DVR_Preview@8         10029dc0 f   InterfaceTools.obj
 0001:00028e30       _NET_DVR_PreviewOne@8      10029e30 f   InterfaceTools.obj
 0001:00028ea0       _NET_DVR_PlayBackByNameLocDisplay@8 10029ea0 f   InterfaceTools.obj
 0001:00028f20       _NET_DVR_PlayBackByTimeLocDisplay@16 10029f20 f   InterfaceTools.obj
 0001:00029080       _NET_DVR_StopLocDisplayPlay@4 1002a080 f   InterfaceTools.obj
 0001:000290e0       _NET_DVR_PlayControlLocDisplay@8 1002a0e0 f   InterfaceTools.obj
 0001:000291b0       _NET_DVR_ManualSnap@12     1002a1b0 f   InterfaceTools.obj
 0001:00029370       _NET_DVR_ContinuousShoot@8 1002a370 f   InterfaceTools.obj
 0001:00029440       _NET_DVR_Upgrade@8         1002a440 f   InterfaceUpgrade.obj
 0001:00029520       _NET_DVR_AdapterUpgrade@8  1002a520 f   InterfaceUpgrade.obj
 0001:00029600       _NET_DVR_VcalibUpgrade@12  1002a600 f   InterfaceUpgrade.obj
 0001:000296f0       _NET_DVR_GetUpgradeState@4 1002a6f0 f   InterfaceUpgrade.obj
 0001:00029750       _NET_DVR_GetUpgradeProgress@4 1002a750 f   InterfaceUpgrade.obj
 0001:000297b0       _NET_DVR_GetUpgradeStep@8  1002a7b0 f   InterfaceUpgrade.obj
 0001:00029830       _NET_DVR_CloseUpgradeHandle@4 1002a830 f   InterfaceUpgrade.obj
 0001:000298b0       _NET_DVR_SetNetworkEnvironment@4 1002a8b0 f   InterfaceUpgrade.obj
 0001:00029950       _NET_DVR_ClientAudioStart@0 1002a950 f   InterfaceVoiceCast.obj
 0001:000299b0       _NET_DVR_ClientAudioStart_V30@8 1002a9b0 f   InterfaceVoiceCast.obj
 0001:00029a20       _NET_DVR_ClientAudioStop@0 1002aa20 f   InterfaceVoiceCast.obj
 0001:00029a60       _NET_DVR_AddDVR@4          1002aa60 f   InterfaceVoiceCast.obj
[...]
 0001:0000b2b0       _$E21                      1000c2b0 f   logmodule.obj
 0001:0000b2d0       _$E20                      1000c2d0 f   logmodule.obj
 0001:000095a0       _$E19                      1000a5a0 f   StatusConvertErrorCode.obj
 0001:000095c0       _$E18                      1000a5c0 f   StatusConvertErrorCode.obj
 0001:00008ee0       _$E19                      10009ee0 f   ProtocolShort.obj
 0001:00008f00       _$E18                      10009f00 f   ProtocolShort.obj
 0001:00008380       _$E19                      10009380 f   ProtocolServer.obj
 0001:00008390       _$E15                      10009390 f   ProtocolServer.obj
 0001:000083b0       _$E18                      100093b0 f   ProtocolServer.obj
 0001:000083c0       _$E16                      100093c0 f   ProtocolServer.obj
 0001:000083e0       _$E24                      100093e0 f   ProtocolServer.obj
 0001:000083f0       _$E21                      100093f0 f   ProtocolServer.obj
 0001:00008440       _$E23                      10009440 f   ProtocolServer.obj
 0001:00008450       _$E22                      10009450 f   ProtocolServer.obj
 0001:00008490       _$E31                      10009490 f   ProtocolServer.obj
 0001:000084a0       _$E27                      100094a0 f   ProtocolServer.obj
 0001:000084c0       _$E30                      100094c0 f   ProtocolServer.obj
 0001:000084d0       _$E28                      100094d0 f   ProtocolServer.obj
 0001:00008dd0       _$E38                      10009dd0 f   ProtocolServer.obj
 0001:00008df0       _$E37                      10009df0 f   ProtocolServer.obj
 0001:00006f80       _$E18                      10007f80 f   ProtocolRtsp.obj
 0001:00006f90       _$E23                      10007f90 f   ProtocolRtsp.obj
 0001:00006fa0       _$E19                      10007fa0 f   ProtocolRtsp.obj
 0001:00006fc0       _$E22                      10007fc0 f   ProtocolRtsp.obj
 0001:00006fd0       _$E20                      10007fd0 f   ProtocolRtsp.obj
 0001:000071e0       ?GetProtocolRtspInstance@@YAPAVIRtspProtocolInstance@@H_NPAV1@@Z 100081e0 f   ProtocolRtsp.obj
 0001:00008350       _$E30                      10009350 f   ProtocolRtsp.obj
 0001:00008370       _$E29                      10009370 f   ProtocolRtsp.obj
 0001:00006ef0       _$E19                      10007ef0 f   ProtocolPublic.obj
 0001:00006f10       _$E18                      10007f10 f   ProtocolPublic.obj
 0001:00006d60       _$E19                      10007d60 f   ProtocolProxy.obj
 0001:00006d80       _$E18                      10007d80 f   ProtocolProxy.obj
 0001:00005fc0       _$E17                      10006fc0 f   ProtocolLong.obj
 0001:00005fd0       _$E14                      10006fd0 f   ProtocolLong.obj
 0001:00006050       _$E16                      10007050 f   ProtocolLong.obj
 0001:00006060       _$E15                      10007060 f   ProtocolLong.obj
 0001:00006c60       _$E24                      10007c60 f   ProtocolLong.obj
 0001:00006c80       _$E23                      10007c80 f   ProtocolLong.obj
 0001:00005f90       _$E19                      10006f90 f   ProtocolIPServer.obj
 0001:00005fb0       _$E18                      10006fb0 f   ProtocolIPServer.obj
 0001:00005bc0       _$E19                      10006bc0 f   ProtocolInterface.obj
 0001:00005be0       _$E18                      10006be0 f   ProtocolInterface.obj
 0001:00005aa0       _$E19                      10006aa0 f   ProtocolHttp.obj
 0001:00005ac0       _$E18                      10006ac0 f   ProtocolHttp.obj
 0001:00003a10       _$E16                      10004a10 f   ProtocolHik.obj
 0001:00003a20       _$E21                      10004a20 f   ProtocolHik.obj
 0001:00003a30       _$E17                      10004a30 f   ProtocolHik.obj
 0001:00003a50       _$E20                      10004a50 f   ProtocolHik.obj
 0001:00003a60       _$E18                      10004a60 f   ProtocolHik.obj
 0001:00005a70       _$E28                      10006a70 f   ProtocolHik.obj
 0001:00005a90       _$E27                      10006a90 f   ProtocolHik.obj
 0001:00003160       _$E18                      10004160 f   TransUnit.obj
 0001:00003990       _$E24                      10004990 f   TransUnit.obj
 0001:000039b0       _$E23                      100049b0 f   TransUnit.obj
 0001:000030f0       _$E19                      100040f0 f   MemPool.obj
 0001:00003110       _$E18                      10004110 f   MemPool.obj
 0001:000014b0       _$E17                      100024b0 f   GlobalCtrl.obj
 0001:000014c0       _$E14                      100024c0 f   GlobalCtrl.obj
 0001:00002240       _$E16                      10003240 f   GlobalCtrl.obj
 0001:00002250       _$E15                      10003250 f   GlobalCtrl.obj
 0001:00002a70       _$E25                      10003a70 f   GlobalCtrl.obj
 0001:00002a90       _$E24                      10003a90 f   GlobalCtrl.obj
 0001:00001480       _$E19                      10002480 f   ForceCloseProxy.obj
 0001:000014a0       _$E18                      100024a0 f   ForceCloseProxy.obj
 0001:00001250       ?encode@@YADE@Z            10002250 f   Base64.obj
 0001:00001280       ?decode@@YAED@Z            10002280 f   Base64.obj
 0001:000012c0       ?is_base64@@YAHD@Z         100022c0 f   Base64.obj
 0001:00000470       _$E17                      10001470 f   StreamConvertStdToHik.obj
 0001:000004b0       ?GetStreamConvertInstance@@YAPAVCStreamConvert@@AAH_NPAV1@@Z 100014b0 f   StreamConvertStdToHik.obj
 0001:00000640       _$E20                      10001640 f   StreamConvertStdToHik.obj
 0001:00000650       _$E19                      10001650 f   StreamConvertStdToHik.obj
 0001:00000f90       _$E26                      10001f90 f   StreamConvertStdToHik.obj
 0001:00000fb0       _$E25                      10001fb0 f   StreamConvertStdToHik.obj
 0001:00000380       _$E19                      10001380 f   G722CodecInterface.obj
 0001:000003a0       _$E18                      100013a0 f   G722CodecInterface.obj
 0001:000000a0       _$E19                      100010a0 f   G711CodecInterface.obj
 0001:000000c0       _$E18                      100010c0 f   G711CodecInterface.obj
 0001:0007d250       _MD5Transform              1007e250 f   HKEncrypt:md5c.obj
 0001:0007dba0       _Encode                    1007eba0 f   HKEncrypt:md5c.obj
 0001:0007dbf0       _Decode                    1007ebf0 f   HKEncrypt:md5c.obj
 0001:0007cfe0       _probableprime             1007dfe0 f   HKEncrypt:prime.obj
 0001:0007cce0       _subdigitmult              1007dce0 f   HKEncrypt:nn.obj
 0001:0007cd80       _NN_DigitBits              1007dd80 f   HKEncrypt:nn.obj
 0001:0007cda0       _dmult                     1007dda0 f   HKEncrypt:nn.obj
 0001:0007bca0       _RSAFilter                 1007cca0 f   HKEncrypt:r_keygen.obj
 0001:0007ac90       _cookey                    1007bc90 f   HKEncrypt:d3des.obj
 0001:0007adc0       _scrunch                   1007bdc0 f   HKEncrypt:d3des.obj
 0001:0007ae30       _unscrun                   1007be30 f   HKEncrypt:d3des.obj
 0001:0007ae80       _desfunc                   1007be80 f   HKEncrypt:d3des.obj
 0001:0007b550       _D3des                     1007c550 f   HKEncrypt:d3des.obj
 0001:00079c90       _hmac_Transform            1007ac90 f   HKEncrypt:hmac_md5.obj
 0001:0007dd34       _$E2                       1007ed34 f   libcpmt:nomemory.obj
 0001:00090ff2       _xtoa                      10091ff2 f   LIBCMT:xtoa.obj
 0001:000910c4       _x64toa@20                 100920c4 f   LIBCMT:xtoa.obj
 0001:000904e6       __expandtime               100914e6 f   LIBCMT:strftime.obj
 0001:000908d5       __store_str                100918d5 f   LIBCMT:strftime.obj
 0001:000908fc       __store_num                100918fc f   LIBCMT:strftime.obj
 0001:0009096b       __store_number             1009196b f   LIBCMT:strftime.obj
 0001:000909b4       __store_winword            100919b4 f   LIBCMT:strftime.obj
 0001:0008ffbc       _findenv                   10090fbc f   LIBCMT:setenv.obj
 0001:00090014       _copy_environ              10091014 f   LIBCMT:setenv.obj
 0001:0008fe0a       _strncnt                   10090e0a f   LIBCMT:a_cmp.obj
 0001:0008f1c7       _TranslateName             100901c7 f   LIBCMT:getqloc.obj
 0001:0008f21f       _GetLcidFromLangCountry    1009021f f   LIBCMT:getqloc.obj
 0001:0008f2a6       _LangCountryEnumProc@4     100902a6 f   LIBCMT:getqloc.obj
 0001:0008f4aa       _GetLcidFromLanguage       100904aa f   LIBCMT:getqloc.obj
 0001:0008f500       _LanguageEnumProc@4        10090500 f   LIBCMT:getqloc.obj
 0001:0008f5bd       _GetLcidFromCountry        100905bd f   LIBCMT:getqloc.obj
 0001:0008f5f4       _CountryEnumProc@4         100905f4 f   LIBCMT:getqloc.obj
 0001:0008f67a       _GetLcidFromDefault        1009067a f   LIBCMT:getqloc.obj
 0001:0008f694       _ProcessCodePage           10090694 f   LIBCMT:getqloc.obj
 0001:0008f6fa       _TestDefaultCountry        100906fa f   LIBCMT:getqloc.obj
 0001:0008f719       _TestDefaultLanguage       10090719 f   LIBCMT:getqloc.obj
 0001:0008f77b       _IsThisWindowsNT           1009077b f   LIBCMT:getqloc.obj
 0001:0008f7b1       _crtGetLocaleInfoA@16      100907b1 f   LIBCMT:getqloc.obj
 0001:0008f897       _LcidFromHexString         10090897 f   LIBCMT:getqloc.obj
 0001:0008f8d0       _GetPrimaryLen             100908d0 f   LIBCMT:getqloc.obj
 0001:0008ebd7       __get_lc_lconv             1008fbd7 f   LIBCMT:initmon.obj
 0001:0008ecf9       _fix_grouping              1008fcf9 f   LIBCMT:initmon.obj
 0001:0008ed30       __free_lc_lconv            1008fd30 f   LIBCMT:initmon.obj
 0001:0008ead5       _fix_grouping              1008fad5 f   LIBCMT:initnum.obj
 0001:0008e422       __get_lc_time              1008f422 f   LIBCMT:inittime.obj
 0001:0008e770       __free_lc_time             1008f770 f   LIBCMT:inittime.obj
 0001:0008d4e5       _strncnt                   1008e4e5 f   LIBCMT:a_map.obj
 0001:0008cb07       __setlocale_set_cat        1008db07 f   LIBCMT:setlocal.obj
 0001:0008cc22       __setlocale_get_all        1008dc22 f   LIBCMT:setlocal.obj
 0001:0008c54b       _ctrlevent_capture@4       1008d54b f   LIBCMT:winsig.obj
 0001:0008c72f       _siglookup                 1008d72f f   LIBCMT:winsig.obj
 0001:0008c0e9       _getSystemCP               1008d0e9 f   LIBCMT:mbctype.obj
 0001:0008c133       _CPtoLCID                  1008d133 f   LIBCMT:mbctype.obj
 0001:0008c166       _setSBCS                   1008d166 f   LIBCMT:mbctype.obj
 0001:0008c18f       _setSBUpLow                1008d18f f   LIBCMT:mbctype.obj
 0001:0008af8f       __abstract_cw              1008bf8f f   LIBCMT:ieee87.obj
 0001:0008b021       __hw_cw                    1008c021 f   LIBCMT:ieee87.obj
 0001:0008b0aa       __abstract_sw              1008c0aa f   LIBCMT:ieee87.obj
 0001:0008a67b       _strtoxl                   1008b67b f   LIBCMT:strtol.obj
 0001:0008a613       _xcptlookup                1008b613 f   LIBCMT:winxfltr.obj
 0001:0008a210       LeadUp1                    1008b210 f   LIBCMT:memmove.obj
 0001:0008a23c       LeadUp2                    1008b23c f   LIBCMT:memmove.obj
 0001:0008a260       LeadUp3                    1008b260 f   LIBCMT:memmove.obj
 0001:0008a2df       UnwindUp0                  1008b2df f   LIBCMT:memmove.obj
 0001:0008a2cc       UnwindUp1                  1008b2cc f   LIBCMT:memmove.obj
 0001:0008a2c4       UnwindUp2                  1008b2c4 f   LIBCMT:memmove.obj
 0001:0008a2bc       UnwindUp3                  1008b2bc f   LIBCMT:memmove.obj
 0001:0008a2b4       UnwindUp4                  1008b2b4 f   LIBCMT:memmove.obj
 0001:0008a2ac       UnwindUp5                  1008b2ac f   LIBCMT:memmove.obj
 0001:0008a2a4       UnwindUp6                  1008b2a4 f   LIBCMT:memmove.obj
 0001:0008a29c       UnwindUp7                  1008b29c f   LIBCMT:memmove.obj
 0001:0008a2f8       TrailUp0                   1008b2f8 f   LIBCMT:memmove.obj
 0001:0008a300       TrailUp1                   1008b300 f   LIBCMT:memmove.obj
 0001:0008a30c       TrailUp2                   1008b30c f   LIBCMT:memmove.obj
 0001:0008a320       TrailUp3                   1008b320 f   LIBCMT:memmove.obj
 0001:0008a398       LeadDown1                  1008b398 f   LIBCMT:memmove.obj
 0001:0008a3b8       LeadDown2                  1008b3b8 f   LIBCMT:memmove.obj
 0001:0008a3e0       LeadDown3                  1008b3e0 f   LIBCMT:memmove.obj
 0001:0008a434       UnwindDown7                1008b434 f   LIBCMT:memmove.obj
 0001:0008a43c       UnwindDown6                1008b43c f   LIBCMT:memmove.obj
 0001:0008a444       UnwindDown5                1008b444 f   LIBCMT:memmove.obj
 0001:0008a44c       UnwindDown4                1008b44c f   LIBCMT:memmove.obj
 0001:0008a454       UnwindDown3                1008b454 f   LIBCMT:memmove.obj
 0001:0008a45c       UnwindDown2                1008b45c f   LIBCMT:memmove.obj
 0001:0008a464       UnwindDown1                1008b464 f   LIBCMT:memmove.obj
 0001:0008a477       UnwindDown0                1008b477 f   LIBCMT:memmove.obj
 0001:0008a490       TrailDown0                 1008b490 f   LIBCMT:memmove.obj
 0001:0008a498       TrailDown1                 1008b498 f   LIBCMT:memmove.obj
 0001:0008a4a8       TrailDown2                 1008b4a8 f   LIBCMT:memmove.obj
 0001:0008a4bc       TrailDown3                 1008b4bc f   LIBCMT:memmove.obj
 0001:00089e80       LeadUp1                    1008ae80 f   LIBCMT:memcpy.obj
 0001:00089eac       LeadUp2                    1008aeac f   LIBCMT:memcpy.obj
 0001:00089ed0       LeadUp3                    1008aed0 f   LIBCMT:memcpy.obj
 0001:00089f4f       UnwindUp0                  1008af4f f   LIBCMT:memcpy.obj
 0001:00089f3c       UnwindUp1                  1008af3c f   LIBCMT:memcpy.obj
 0001:00089f34       UnwindUp2                  1008af34 f   LIBCMT:memcpy.obj
 0001:00089f2c       UnwindUp3                  1008af2c f   LIBCMT:memcpy.obj
 0001:00089f24       UnwindUp4                  1008af24 f   LIBCMT:memcpy.obj
 0001:00089f1c       UnwindUp5                  1008af1c f   LIBCMT:memcpy.obj
 0001:00089f14       UnwindUp6                  1008af14 f   LIBCMT:memcpy.obj
 0001:00089f0c       UnwindUp7                  1008af0c f   LIBCMT:memcpy.obj
 0001:00089f68       TrailUp0                   1008af68 f   LIBCMT:memcpy.obj
 0001:00089f70       TrailUp1                   1008af70 f   LIBCMT:memcpy.obj
 0001:00089f7c       TrailUp2                   1008af7c f   LIBCMT:memcpy.obj
 0001:00089f90       TrailUp3                   1008af90 f   LIBCMT:memcpy.obj
 0001:0008a008       LeadDown1                  1008b008 f   LIBCMT:memcpy.obj
 0001:0008a028       LeadDown2                  1008b028 f   LIBCMT:memcpy.obj
 0001:0008a050       LeadDown3                  1008b050 f   LIBCMT:memcpy.obj
 0001:0008a0a4       UnwindDown7                1008b0a4 f   LIBCMT:memcpy.obj
 0001:0008a0ac       UnwindDown6                1008b0ac f   LIBCMT:memcpy.obj
 0001:0008a0b4       UnwindDown5                1008b0b4 f   LIBCMT:memcpy.obj
 0001:0008a0bc       UnwindDown4                1008b0bc f   LIBCMT:memcpy.obj
 0001:0008a0c4       UnwindDown3                1008b0c4 f   LIBCMT:memcpy.obj
 0001:0008a0cc       UnwindDown2                1008b0cc f   LIBCMT:memcpy.obj
 0001:0008a0d4       UnwindDown1                1008b0d4 f   LIBCMT:memcpy.obj
 0001:0008a0e7       UnwindDown0                1008b0e7 f   LIBCMT:memcpy.obj
 0001:0008a100       TrailDown0                 1008b100 f   LIBCMT:memcpy.obj
 0001:0008a108       TrailDown1                 1008b108 f   LIBCMT:memcpy.obj
 0001:0008a118       TrailDown2                 1008b118 f   LIBCMT:memcpy.obj
 0001:0008a12c       TrailDown3                 1008b12c f   LIBCMT:memcpy.obj
 0001:0008989a       _parse_cmdline             1008a89a f   LIBCMT:stdargv.obj
 0001:000896b1       ?strlen@@YAIPBD@Z          1008a6b1 f   LIBCMT:undname.obj
 0001:000896c1       ?strncpy@@YAPADPADPBDI@Z   1008a6c1 f   LIBCMT:undname.obj
 0001:00084b90       __tzset_lk                 10085b90 f   LIBCMT:tzset.obj
 0001:00084e38       __isindst_lk               10085e38 f   LIBCMT:tzset.obj
 0001:00084fe4       _cvtdate                   10085fe4 f   LIBCMT:tzset.obj
 0001:00084aa8       _flsall                    10085aa8 f   LIBCMT:fflush.obj
 0001:00084550       _write_char                10085550 f   LIBCMT:output.obj
 0001:00084585       _write_multi_char          10085585 f   LIBCMT:output.obj
 0001:000845b6       _write_string              100855b6 f   LIBCMT:output.obj
 0001:000845ee       _get_int_arg               100855ee f   LIBCMT:output.obj
 0001:000845fb       _get_int64_arg             100855fb f   LIBCMT:output.obj
 0001:0008460b       _get_short_arg             1008560b f   LIBCMT:output.obj
 0001:000839d3       __cftoe2                   100849d3 f   LIBCMT:cvt.obj
 0001:00083aea       __cftof2                   10084aea f   LIBCMT:cvt.obj
 0001:00083c75       __shift                    10084c75 f   LIBCMT:cvt.obj
 0001:000836e9       __hextodec                 100846e9 f   LIBCMT:input.obj
 0001:00083720       __inc                      10084720 f   LIBCMT:input.obj
 0001:0008373a       __un_inc                   1008473a f   LIBCMT:input.obj
 0001:00083751       __whiteout                 10084751 f   LIBCMT:input.obj
 0001:000804bc       ?FindHandler@@YAXPAUEHExceptionRecord@@PAUEHRegistrationNode@@PAU_CONTEXT@@PAXPBU_s_FuncInfo@@EH1@Z 100814bc f   LIBCMT:frame.obj
 0001:0008066f       ?FindHandlerForForeignException@@YAXPAUEHExceptionRecord@@PAUEHRegistrationNode@@PAU_CONTEXT@@PAXPBU_s_FuncInfo@@HH1@Z 1008166f f   LIBCMT:frame.obj
 0001:00080719       ?TypeMatch@@YAHPBU_s_HandlerType@@PBU_s_CatchableType@@PBU_s_ThrowInfo@@@Z 10081719 f   LIBCMT:frame.obj
 0001:00080814       ?FrameUnwindFilter@@YAHPAU_EXCEPTION_POINTERS@@@Z 10081814 f   LIBCMT:frame.obj
 0001:0008082a       ?CatchIt@@YAXPAUEHExceptionRecord@@PAUEHRegistrationNode@@PAU_CONTEXT@@PAXPBU_s_FuncInfo@@PBU_s_HandlerType@@PBU_s_CatchableType@@PBU_s_TryBlockMapEntry@@H1E@Z 1008182a f   LIBCMT:frame.obj
 0001:000808a5       ?CallCatchBlock@@YAPAXPAUEHExceptionRecord@@PAUEHRegistrationNode@@PAU_CONTEXT@@PBU_s_FuncInfo@@PAXHK@Z 100818a5 f   LIBCMT:frame.obj
 0001:000809c0       ?ExFilterRethrow@@YAHPAU_EXCEPTION_POINTERS@@@Z 100819c0 f   LIBCMT:frame.obj
 0001:000809ea       ?BuildCatchObject@@YAXPAUEHExceptionRecord@@PAUEHRegistrationNode@@PBU_s_HandlerType@@PBU_s_CatchableType@@@Z 100819ea f   LIBCMT:frame.obj
 0001:00080c15       ?AdjustPointer@@YAPAXPAXABUPMD@@@Z 10081c15 f   LIBCMT:frame.obj
 0001:0007ff33       _doexit                    10080f33 f   LIBCMT:crt0dat.obj
 0001:0007ffea       __initterm                 10080fea f   LIBCMT:crt0dat.obj
 0001:0007f72f       __make_time_t              1008072f f   LIBCMT:mktime.obj
 0001:0007eeac       ?FindCompleteObject@@YAPAXPAPAX@Z 1007feac f   LIBCMT:rtti.obj
 0001:0007eec6       ?FindSITargetTypeInstance@@YAPBU_s_RTTIBaseClassDescriptor@@PAXPBU_s_RTTICompleteObjectLocator@@PAUTypeDescriptor@@H2@Z 1007fec6 f   LIBCMT:rtti.obj
 0001:0007ef20       ?FindMITargetTypeInstance@@YAPBU_s_RTTIBaseClassDescriptor@@PAXPBU_s_RTTICompleteObjectLocator@@PAUTypeDescriptor@@H2@Z 1007ff20 f   LIBCMT:rtti.obj
 0001:0007f019       ?FindVITargetTypeInstance@@YAPBU_s_RTTIBaseClassDescriptor@@PAXPBU_s_RTTICompleteObjectLocator@@PAUTypeDescriptor@@H2@Z 10080019 f   LIBCMT:rtti.obj
 0001:0007f151       ?PMDtoOffset@@YAHPAXABUPMD@@@Z 10080151 f   LIBCMT:rtti.obj
 0001:0007e380       _gu_return                 1007f380 f   LIBCMT:exsup.obj
 0001:0007e388       __unwind_handler           1007f388 f   LIBCMT:exsup.obj
 0001:0007e19b       ?CatchGuardHandler@@YA?AW4_EXCEPTION_DISPOSITION@@PAUEHExceptionRecord@@PAUCatchGuardRN@@PAX2@Z 1007f19b f   LIBCMT:trnsctrl.obj
 0001:0007e276       ?TranslatorGuardHandler@@YA?AW4_EXCEPTION_DISPOSITION@@PAUEHExceptionRecord@@PAUTranslatorGuardRN@@PAX2@Z 1007f276 f   LIBCMT:trnsctrl.obj
